<?xml version="1.0" encoding="UTF-8"?>
<testsuites name="jest tests" tests="10" failures="8" errors="0" time="8.976">
  <testsuite name="useCalculations" errors="0" failures="0" skipped="0" timestamp="2021-10-29T22:03:13" time="6.165" tests="1">
    <testcase classname="useCalculations Returns 0% when there&apos;s no due date" name="useCalculations Returns 0% when there&apos;s no due date" time="0.021">
    </testcase>
  </testsuite>
  <testsuite name="[Componentes] Footer" errors="0" failures="1" skipped="0" timestamp="2021-10-29T22:03:13" time="6.76" tests="1">
    <testcase classname="[Componentes] Footer renders correctly" name="[Componentes] Footer renders correctly" time="0.217">
      <failure>Error: expect(received).toMatchSnapshot()

Snapshot name: `[Componentes] Footer renders correctly 1`

- Snapshot  - 7
+ Received  + 7

@@ -129,32 +129,32 @@
        &lt;div&gt;
          &lt;a
            aria-label=&quot;Volver al inicio&quot;
            href=&quot;#&quot;
          &gt;
-           &lt;div
-             style=&quot;display: inline-block; max-width: 100%; overflow: hidden; position: relative; box-sizing: border-box; margin: 0px;&quot;
+           &lt;span
+             style=&quot;box-sizing: border-box; display: inline-block; overflow: hidden; background: none; opacity: 1; border: 0px; margin: 0px; padding: 0px; position: relative; max-width: 100%;&quot;
            &gt;
-             &lt;div
-               style=&quot;box-sizing: border-box; display: block; max-width: 100%;&quot;
+             &lt;span
+               style=&quot;box-sizing: border-box; display: block; background: none; opacity: 1; border: 0px; margin: 0px; padding: 0px; max-width: 100%;&quot;
              &gt;
                &lt;img
                  alt=&quot;&quot;
                  aria-hidden=&quot;true&quot;
                  src=&quot;data:image/svg+xml;base64,PHN2ZyB3aWR0aD0iMzAwIiBoZWlnaHQ9IjU1IiB4bWxucz0iaHR0cDovL3d3dy53My5vcmcvMjAwMC9zdmciIHZlcnNpb249IjEuMSIvPg==&quot;
-                 style=&quot;max-width: 100%; display: block; margin: 0px; padding: 0px;&quot;
+                 style=&quot;display: block; max-width: 100%; background: none; opacity: 1; border: 0px; margin: 0px; padding: 0px;&quot;
                /&gt;
-             &lt;/div&gt;
+             &lt;/span&gt;
              &lt;img
                alt=&quot;Logo FavForMe&quot;
                data-nimg=&quot;intrinsic&quot;
                decoding=&quot;async&quot;
                src=&quot;data:image/gif;base64,R0lGODlhAQABAIAAAAAAAP///yH5BAEAAAAALAAAAAABAAEAAAIBRAA7&quot;
                style=&quot;position: absolute; top: 0px; left: 0px; bottom: 0px; right: 0px; box-sizing: border-box; padding: 0px; margin: auto; display: block; width: 0px; height: 0px; min-width: 100%; max-width: 100%; min-height: 100%; max-height: 100%;&quot;
              /&gt;
              &lt;noscript /&gt;
-           &lt;/div&gt;
+           &lt;/span&gt;
          &lt;/a&gt;
        &lt;/div&gt;
        &lt;ul
          class=&quot;c2&quot;
        &gt;
    at /home/fmgordillo/code/favforme/frontend/components/Layout/Footer/index.test.tsx:7:26
    at step (/home/fmgordillo/code/favforme/frontend/components/Layout/Footer/index.test.tsx:33:23)
    at Object.next (/home/fmgordillo/code/favforme/frontend/components/Layout/Footer/index.test.tsx:14:53)
    at /home/fmgordillo/code/favforme/frontend/components/Layout/Footer/index.test.tsx:8:71
    at new Promise (&lt;anonymous&gt;)
    at Object.&lt;anonymous&gt;.__awaiter (/home/fmgordillo/code/favforme/frontend/components/Layout/Footer/index.test.tsx:4:12)
    at Object.&lt;anonymous&gt; (/home/fmgordillo/code/favforme/frontend/components/Layout/Footer/index.test.tsx:5:27)
    at Promise.then.completed (/home/fmgordillo/code/favforme/frontend/node_modules/jest-circus/build/utils.js:390:28)
    at new Promise (&lt;anonymous&gt;)
    at callAsyncCircusFn (/home/fmgordillo/code/favforme/frontend/node_modules/jest-circus/build/utils.js:315:10)
    at _callCircusTest (/home/fmgordillo/code/favforme/frontend/node_modules/jest-circus/build/run.js:218:40)
    at processTicksAndRejections (internal/process/task_queues.js:93:5)
    at _runTest (/home/fmgordillo/code/favforme/frontend/node_modules/jest-circus/build/run.js:155:3)
    at _runTestsForDescribeBlock (/home/fmgordillo/code/favforme/frontend/node_modules/jest-circus/build/run.js:66:9)
    at _runTestsForDescribeBlock (/home/fmgordillo/code/favforme/frontend/node_modules/jest-circus/build/run.js:60:9)
    at run (/home/fmgordillo/code/favforme/frontend/node_modules/jest-circus/build/run.js:25:3)
    at runAndTransformResultsToJestFormat (/home/fmgordillo/code/favforme/frontend/node_modules/jest-circus/build/legacy-code-todo-rewrite/jestAdapterInit.js:167:21)
    at jestAdapter (/home/fmgordillo/code/favforme/frontend/node_modules/jest-circus/build/legacy-code-todo-rewrite/jestAdapter.js:82:19)
    at runTestInternal (/home/fmgordillo/code/favforme/frontend/node_modules/jest-runner/build/runTest.js:389:16)
    at runTest (/home/fmgordillo/code/favforme/frontend/node_modules/jest-runner/build/runTest.js:475:34)
    at Object.worker (/home/fmgordillo/code/favforme/frontend/node_modules/jest-runner/build/testWorker.js:133:12)</failure>
    </testcase>
  </testsuite>
  <testsuite name="[Container] About us" errors="0" failures="0" skipped="0" timestamp="2021-10-29T22:03:13" time="7.051" tests="1">
    <testcase classname="[Container] About us renders correctly" name="[Container] About us renders correctly" time="0.095">
    </testcase>
  </testsuite>
  <testsuite name="[Container] Layout" errors="0" failures="1" skipped="0" timestamp="2021-10-29T22:03:13" time="7.156" tests="1">
    <testcase classname="[Container] Layout renders correctly" name="[Container] Layout renders correctly" time="0.171">
      <failure>Error: expect(received).toMatchSnapshot()

Snapshot name: `[Container] Layout renders correctly 1`

- Snapshot  - 7
+ Received  + 7

@@ -136,32 +136,32 @@
          &lt;div&gt;
            &lt;a
              aria-label=&quot;Volver al inicio&quot;
              href=&quot;#&quot;
            &gt;
-             &lt;div
-               style=&quot;display: inline-block; max-width: 100%; overflow: hidden; position: relative; box-sizing: border-box; margin: 0px;&quot;
+             &lt;span
+               style=&quot;box-sizing: border-box; display: inline-block; overflow: hidden; background: none; opacity: 1; border: 0px; margin: 0px; padding: 0px; position: relative; max-width: 100%;&quot;
              &gt;
-               &lt;div
-                 style=&quot;box-sizing: border-box; display: block; max-width: 100%;&quot;
+               &lt;span
+                 style=&quot;box-sizing: border-box; display: block; background: none; opacity: 1; border: 0px; margin: 0px; padding: 0px; max-width: 100%;&quot;
                &gt;
                  &lt;img
                    alt=&quot;&quot;
                    aria-hidden=&quot;true&quot;
                    src=&quot;data:image/svg+xml;base64,PHN2ZyB3aWR0aD0iMzAwIiBoZWlnaHQ9IjU1IiB4bWxucz0iaHR0cDovL3d3dy53My5vcmcvMjAwMC9zdmciIHZlcnNpb249IjEuMSIvPg==&quot;
-                   style=&quot;max-width: 100%; display: block; margin: 0px; padding: 0px;&quot;
+                   style=&quot;display: block; max-width: 100%; background: none; opacity: 1; border: 0px; margin: 0px; padding: 0px;&quot;
                  /&gt;
-               &lt;/div&gt;
+               &lt;/span&gt;
                &lt;img
                  alt=&quot;Logo FavForMe&quot;
                  data-nimg=&quot;intrinsic&quot;
                  decoding=&quot;async&quot;
                  src=&quot;data:image/gif;base64,R0lGODlhAQABAIAAAAAAAP///yH5BAEAAAAALAAAAAABAAEAAAIBRAA7&quot;
                  style=&quot;position: absolute; top: 0px; left: 0px; bottom: 0px; right: 0px; box-sizing: border-box; padding: 0px; margin: auto; display: block; width: 0px; height: 0px; min-width: 100%; max-width: 100%; min-height: 100%; max-height: 100%;&quot;
                /&gt;
                &lt;noscript /&gt;
-             &lt;/div&gt;
+             &lt;/span&gt;
            &lt;/a&gt;
          &lt;/div&gt;
          &lt;ul
            class=&quot;c3&quot;
          &gt;
    at /home/fmgordillo/code/favforme/frontend/components/Layout/Layout.test.tsx:7:26
    at step (/home/fmgordillo/code/favforme/frontend/components/Layout/Layout.test.tsx:33:23)
    at Object.next (/home/fmgordillo/code/favforme/frontend/components/Layout/Layout.test.tsx:14:53)
    at /home/fmgordillo/code/favforme/frontend/components/Layout/Layout.test.tsx:8:71
    at new Promise (&lt;anonymous&gt;)
    at Object.&lt;anonymous&gt;.__awaiter (/home/fmgordillo/code/favforme/frontend/components/Layout/Layout.test.tsx:4:12)
    at Object.&lt;anonymous&gt; (/home/fmgordillo/code/favforme/frontend/components/Layout/Layout.test.tsx:5:27)
    at Promise.then.completed (/home/fmgordillo/code/favforme/frontend/node_modules/jest-circus/build/utils.js:390:28)
    at new Promise (&lt;anonymous&gt;)
    at callAsyncCircusFn (/home/fmgordillo/code/favforme/frontend/node_modules/jest-circus/build/utils.js:315:10)
    at _callCircusTest (/home/fmgordillo/code/favforme/frontend/node_modules/jest-circus/build/run.js:218:40)
    at processTicksAndRejections (internal/process/task_queues.js:93:5)
    at _runTest (/home/fmgordillo/code/favforme/frontend/node_modules/jest-circus/build/run.js:155:3)
    at _runTestsForDescribeBlock (/home/fmgordillo/code/favforme/frontend/node_modules/jest-circus/build/run.js:66:9)
    at _runTestsForDescribeBlock (/home/fmgordillo/code/favforme/frontend/node_modules/jest-circus/build/run.js:60:9)
    at run (/home/fmgordillo/code/favforme/frontend/node_modules/jest-circus/build/run.js:25:3)
    at runAndTransformResultsToJestFormat (/home/fmgordillo/code/favforme/frontend/node_modules/jest-circus/build/legacy-code-todo-rewrite/jestAdapterInit.js:167:21)
    at jestAdapter (/home/fmgordillo/code/favforme/frontend/node_modules/jest-circus/build/legacy-code-todo-rewrite/jestAdapter.js:82:19)
    at runTestInternal (/home/fmgordillo/code/favforme/frontend/node_modules/jest-runner/build/runTest.js:389:16)
    at runTest (/home/fmgordillo/code/favforme/frontend/node_modules/jest-runner/build/runTest.js:475:34)
    at Object.worker (/home/fmgordillo/code/favforme/frontend/node_modules/jest-runner/build/testWorker.js:133:12)</failure>
    </testcase>
  </testsuite>
  <testsuite name="[Componentes] Header" errors="0" failures="1" skipped="0" timestamp="2021-10-29T22:03:13" time="7.213" tests="1">
    <testcase classname="[Componentes] Header renders correctly" name="[Componentes] Header renders correctly" time="0.15">
      <failure>Error: expect(received).toMatchSnapshot()

Snapshot name: `[Componentes] Header renders correctly 1`

- Snapshot  - 10
+ Received  + 10

@@ -174,21 +174,21 @@
      class=&quot;c0&quot;
    &gt;
      &lt;div
        class=&quot;c1&quot;
      &gt;
-       &lt;div
-         style=&quot;overflow: hidden; box-sizing: border-box; display: inline-block; position: relative; width: 60px; height: 60px;&quot;
+       &lt;span
+         style=&quot;box-sizing: border-box; display: inline-block; overflow: hidden; width: 60px; height: 60px; background: none; opacity: 1; border: 0px; margin: 0px; padding: 0px; position: relative;&quot;
        &gt;
          &lt;img
            data-nimg=&quot;fixed&quot;
            decoding=&quot;async&quot;
            src=&quot;data:image/gif;base64,R0lGODlhAQABAIAAAAAAAP///yH5BAEAAAAALAAAAAABAAEAAAIBRAA7&quot;
            style=&quot;position: absolute; top: 0px; left: 0px; bottom: 0px; right: 0px; box-sizing: border-box; padding: 0px; margin: auto; display: block; width: 0px; height: 0px; min-width: 100%; max-width: 100%; min-height: 100%; max-height: 100%;&quot;
          /&gt;
          &lt;noscript /&gt;
-       &lt;/div&gt;
+       &lt;/span&gt;
      &lt;/div&gt;
      &lt;ul
        class=&quot;c2&quot;
      &gt;
        &lt;li
@@ -213,32 +213,32 @@
          class=&quot;c3&quot;
        &gt;
          &lt;a
            class=&quot;c4&quot;
          &gt;
-           &lt;div
-             style=&quot;display: inline-block; max-width: 100%; overflow: hidden; position: relative; box-sizing: border-box; margin: 0px;&quot;
+           &lt;span
+             style=&quot;box-sizing: border-box; display: inline-block; overflow: hidden; background: none; opacity: 1; border: 0px; margin: 0px; padding: 0px; position: relative; max-width: 100%;&quot;
            &gt;
-             &lt;div
-               style=&quot;box-sizing: border-box; display: block; max-width: 100%;&quot;
+             &lt;span
+               style=&quot;box-sizing: border-box; display: block; background: none; opacity: 1; border: 0px; margin: 0px; padding: 0px; max-width: 100%;&quot;
              &gt;
                &lt;img
                  alt=&quot;&quot;
                  aria-hidden=&quot;true&quot;
                  src=&quot;data:image/svg+xml;base64,PHN2ZyB3aWR0aD0iMjcwIiBoZWlnaHQ9IjIxNCIgeG1sbnM9Imh0dHA6Ly93d3cudzMub3JnLzIwMDAvc3ZnIiB2ZXJzaW9uPSIxLjEiLz4=&quot;
-                 style=&quot;max-width: 100%; display: block; margin: 0px; padding: 0px;&quot;
+                 style=&quot;display: block; max-width: 100%; background: none; opacity: 1; border: 0px; margin: 0px; padding: 0px;&quot;
                /&gt;
-             &lt;/div&gt;
+             &lt;/span&gt;
              &lt;img
                alt=&quot;FavForMe logo&quot;
                data-nimg=&quot;intrinsic&quot;
                decoding=&quot;async&quot;
                src=&quot;data:image/gif;base64,R0lGODlhAQABAIAAAAAAAP///yH5BAEAAAAALAAAAAABAAEAAAIBRAA7&quot;
                style=&quot;position: absolute; top: 0px; left: 0px; bottom: 0px; right: 0px; box-sizing: border-box; padding: 0px; margin: auto; display: block; width: 0px; height: 0px; min-width: 100%; max-width: 100%; min-height: 100%; max-height: 100%;&quot;
              /&gt;
              &lt;noscript /&gt;
-           &lt;/div&gt;
+           &lt;/span&gt;
          &lt;/a&gt;
        &lt;/li&gt;
        &lt;li
          class=&quot;c3&quot;
        &gt;
    at /home/fmgordillo/code/favforme/frontend/components/Layout/Header/index.test.tsx:8:26
    at step (/home/fmgordillo/code/favforme/frontend/components/Layout/Header/index.test.tsx:33:23)
    at Object.next (/home/fmgordillo/code/favforme/frontend/components/Layout/Header/index.test.tsx:14:53)
    at /home/fmgordillo/code/favforme/frontend/components/Layout/Header/index.test.tsx:8:71
    at new Promise (&lt;anonymous&gt;)
    at Object.&lt;anonymous&gt;.__awaiter (/home/fmgordillo/code/favforme/frontend/components/Layout/Header/index.test.tsx:4:12)
    at Object.&lt;anonymous&gt; (/home/fmgordillo/code/favforme/frontend/components/Layout/Header/index.test.tsx:6:27)
    at Promise.then.completed (/home/fmgordillo/code/favforme/frontend/node_modules/jest-circus/build/utils.js:390:28)
    at new Promise (&lt;anonymous&gt;)
    at callAsyncCircusFn (/home/fmgordillo/code/favforme/frontend/node_modules/jest-circus/build/utils.js:315:10)
    at _callCircusTest (/home/fmgordillo/code/favforme/frontend/node_modules/jest-circus/build/run.js:218:40)
    at processTicksAndRejections (internal/process/task_queues.js:93:5)
    at _runTest (/home/fmgordillo/code/favforme/frontend/node_modules/jest-circus/build/run.js:155:3)
    at _runTestsForDescribeBlock (/home/fmgordillo/code/favforme/frontend/node_modules/jest-circus/build/run.js:66:9)
    at _runTestsForDescribeBlock (/home/fmgordillo/code/favforme/frontend/node_modules/jest-circus/build/run.js:60:9)
    at run (/home/fmgordillo/code/favforme/frontend/node_modules/jest-circus/build/run.js:25:3)
    at runAndTransformResultsToJestFormat (/home/fmgordillo/code/favforme/frontend/node_modules/jest-circus/build/legacy-code-todo-rewrite/jestAdapterInit.js:167:21)
    at jestAdapter (/home/fmgordillo/code/favforme/frontend/node_modules/jest-circus/build/legacy-code-todo-rewrite/jestAdapter.js:82:19)
    at runTestInternal (/home/fmgordillo/code/favforme/frontend/node_modules/jest-runner/build/runTest.js:389:16)
    at runTest (/home/fmgordillo/code/favforme/frontend/node_modules/jest-runner/build/runTest.js:475:34)
    at Object.worker (/home/fmgordillo/code/favforme/frontend/node_modules/jest-runner/build/testWorker.js:133:12)</failure>
    </testcase>
  </testsuite>
  <testsuite name="[Container] Donation error" errors="0" failures="1" skipped="0" timestamp="2021-10-29T22:03:13" time="7.289" tests="1">
    <testcase classname="[Container] Donation error renders correctly" name="[Container] Donation error renders correctly" time="0.296">
      <failure>Error: expect(received).toMatchSnapshot()

Snapshot name: `[Container] Donation error renders correctly 1`

- Snapshot  - 24
+ Received  + 24

@@ -410,21 +410,21 @@
        class=&quot;c1&quot;
      &gt;
        &lt;div
          class=&quot;c2&quot;
        &gt;
-         &lt;div
-           style=&quot;overflow: hidden; box-sizing: border-box; display: inline-block; position: relative; width: 60px; height: 60px;&quot;
+         &lt;span
+           style=&quot;box-sizing: border-box; display: inline-block; overflow: hidden; width: 60px; height: 60px; background: none; opacity: 1; border: 0px; margin: 0px; padding: 0px; position: relative;&quot;
          &gt;
            &lt;img
              data-nimg=&quot;fixed&quot;
              decoding=&quot;async&quot;
              src=&quot;data:image/gif;base64,R0lGODlhAQABAIAAAAAAAP///yH5BAEAAAAALAAAAAABAAEAAAIBRAA7&quot;
              style=&quot;position: absolute; top: 0px; left: 0px; bottom: 0px; right: 0px; box-sizing: border-box; padding: 0px; margin: auto; display: block; width: 0px; height: 0px; min-width: 100%; max-width: 100%; min-height: 100%; max-height: 100%;&quot;
            /&gt;
            &lt;noscript /&gt;
-         &lt;/div&gt;
+         &lt;/span&gt;
        &lt;/div&gt;
        &lt;ul
          class=&quot;c3&quot;
        &gt;
          &lt;li
@@ -449,32 +449,32 @@
            class=&quot;c4&quot;
          &gt;
            &lt;a
              class=&quot;c5&quot;
            &gt;
-             &lt;div
-               style=&quot;display: inline-block; max-width: 100%; overflow: hidden; position: relative; box-sizing: border-box; margin: 0px;&quot;
+             &lt;span
+               style=&quot;box-sizing: border-box; display: inline-block; overflow: hidden; background: none; opacity: 1; border: 0px; margin: 0px; padding: 0px; position: relative; max-width: 100%;&quot;
              &gt;
-               &lt;div
-                 style=&quot;box-sizing: border-box; display: block; max-width: 100%;&quot;
+               &lt;span
+                 style=&quot;box-sizing: border-box; display: block; background: none; opacity: 1; border: 0px; margin: 0px; padding: 0px; max-width: 100%;&quot;
                &gt;
                  &lt;img
                    alt=&quot;&quot;
                    aria-hidden=&quot;true&quot;
                    src=&quot;data:image/svg+xml;base64,PHN2ZyB3aWR0aD0iMjcwIiBoZWlnaHQ9IjIxNCIgeG1sbnM9Imh0dHA6Ly93d3cudzMub3JnLzIwMDAvc3ZnIiB2ZXJzaW9uPSIxLjEiLz4=&quot;
-                   style=&quot;max-width: 100%; display: block; margin: 0px; padding: 0px;&quot;
+                   style=&quot;display: block; max-width: 100%; background: none; opacity: 1; border: 0px; margin: 0px; padding: 0px;&quot;
                  /&gt;
-               &lt;/div&gt;
+               &lt;/span&gt;
                &lt;img
                  alt=&quot;FavForMe logo&quot;
                  data-nimg=&quot;intrinsic&quot;
                  decoding=&quot;async&quot;
                  src=&quot;data:image/gif;base64,R0lGODlhAQABAIAAAAAAAP///yH5BAEAAAAALAAAAAABAAEAAAIBRAA7&quot;
                  style=&quot;position: absolute; top: 0px; left: 0px; bottom: 0px; right: 0px; box-sizing: border-box; padding: 0px; margin: auto; display: block; width: 0px; height: 0px; min-width: 100%; max-width: 100%; min-height: 100%; max-height: 100%;&quot;
                /&gt;
                &lt;noscript /&gt;
-             &lt;/div&gt;
+             &lt;/span&gt;
            &lt;/a&gt;
          &lt;/li&gt;
          &lt;li
            class=&quot;c4&quot;
          &gt;
@@ -517,32 +517,32 @@
          ¡Whoops!
        &lt;/h1&gt;
        &lt;p&gt;
          Lo sentimos, tu operación no pudo ser completada
        &lt;/p&gt;
-       &lt;div
-         style=&quot;display: inline-block; max-width: 100%; overflow: hidden; position: relative; box-sizing: border-box; margin: 0px;&quot;
+       &lt;span
+         style=&quot;box-sizing: border-box; display: inline-block; overflow: hidden; background: none; opacity: 1; border: 0px; margin: 0px; padding: 0px; position: relative; max-width: 100%;&quot;
        &gt;
-         &lt;div
-           style=&quot;box-sizing: border-box; display: block; max-width: 100%;&quot;
+         &lt;span
+           style=&quot;box-sizing: border-box; display: block; background: none; opacity: 1; border: 0px; margin: 0px; padding: 0px; max-width: 100%;&quot;
          &gt;
            &lt;img
              alt=&quot;&quot;
              aria-hidden=&quot;true&quot;
              src=&quot;data:image/svg+xml;base64,PHN2ZyB3aWR0aD0iMzUwIiBoZWlnaHQ9IjQwMCIgeG1sbnM9Imh0dHA6Ly93d3cudzMub3JnLzIwMDAvc3ZnIiB2ZXJzaW9uPSIxLjEiLz4=&quot;
-             style=&quot;max-width: 100%; display: block; margin: 0px; padding: 0px;&quot;
+             style=&quot;display: block; max-width: 100%; background: none; opacity: 1; border: 0px; margin: 0px; padding: 0px;&quot;
            /&gt;
-         &lt;/div&gt;
+         &lt;/span&gt;
          &lt;img
            alt=&quot;Persona con brazos levantados, y un cartel con el mensaje &apos;Error, solicitud fallida&apos;&quot;
            data-nimg=&quot;intrinsic&quot;
            decoding=&quot;async&quot;
            src=&quot;data:image/gif;base64,R0lGODlhAQABAIAAAAAAAP///yH5BAEAAAAALAAAAAABAAEAAAIBRAA7&quot;
            style=&quot;position: absolute; top: 0px; left: 0px; bottom: 0px; right: 0px; box-sizing: border-box; padding: 0px; margin: auto; display: block; width: 0px; height: 0px; min-width: 100%; max-width: 100%; min-height: 100%; max-height: 100%;&quot;
          /&gt;
          &lt;noscript /&gt;
-       &lt;/div&gt;
+       &lt;/span&gt;
        &lt;p&gt;
          ¡No te preocupes, vamos a solucionarlo juntos!
          &lt;br /&gt;
          &lt;strong&gt;
            Vamos a estar contactándote por correo electrónico a la brevedad.
@@ -566,32 +566,32 @@
          &lt;div&gt;
            &lt;a
              aria-label=&quot;Volver al inicio&quot;
              href=&quot;#&quot;
            &gt;
-             &lt;div
-               style=&quot;display: inline-block; max-width: 100%; overflow: hidden; position: relative; box-sizing: border-box; margin: 0px;&quot;
+             &lt;span
+               style=&quot;box-sizing: border-box; display: inline-block; overflow: hidden; background: none; opacity: 1; border: 0px; margin: 0px; padding: 0px; position: relative; max-width: 100%;&quot;
              &gt;
-               &lt;div
-                 style=&quot;box-sizing: border-box; display: block; max-width: 100%;&quot;
+               &lt;span
+                 style=&quot;box-sizing: border-box; display: block; background: none; opacity: 1; border: 0px; margin: 0px; padding: 0px; max-width: 100%;&quot;
                &gt;
                  &lt;img
                    alt=&quot;&quot;
                    aria-hidden=&quot;true&quot;
                    src=&quot;data:image/svg+xml;base64,PHN2ZyB3aWR0aD0iMzAwIiBoZWlnaHQ9IjU1IiB4bWxucz0iaHR0cDovL3d3dy53My5vcmcvMjAwMC9zdmciIHZlcnNpb249IjEuMSIvPg==&quot;
-                   style=&quot;max-width: 100%; display: block; margin: 0px; padding: 0px;&quot;
+                   style=&quot;display: block; max-width: 100%; background: none; opacity: 1; border: 0px; margin: 0px; padding: 0px;&quot;
                  /&gt;
-               &lt;/div&gt;
+               &lt;/span&gt;
                &lt;img
                  alt=&quot;Logo FavForMe&quot;
                  data-nimg=&quot;intrinsic&quot;
                  decoding=&quot;async&quot;
                  src=&quot;data:image/gif;base64,R0lGODlhAQABAIAAAAAAAP///yH5BAEAAAAALAAAAAABAAEAAAIBRAA7&quot;
                  style=&quot;position: absolute; top: 0px; left: 0px; bottom: 0px; right: 0px; box-sizing: border-box; padding: 0px; margin: auto; display: block; width: 0px; height: 0px; min-width: 100%; max-width: 100%; min-height: 100%; max-height: 100%;&quot;
                /&gt;
                &lt;noscript /&gt;
-             &lt;/div&gt;
+             &lt;/span&gt;
            &lt;/a&gt;
          &lt;/div&gt;
          &lt;ul
            class=&quot;c16&quot;
          &gt;
    at /home/fmgordillo/code/favforme/frontend/containers/Donation/Error/index.test.tsx:7:26
    at step (/home/fmgordillo/code/favforme/frontend/containers/Donation/Error/index.test.tsx:33:23)
    at Object.next (/home/fmgordillo/code/favforme/frontend/containers/Donation/Error/index.test.tsx:14:53)
    at /home/fmgordillo/code/favforme/frontend/containers/Donation/Error/index.test.tsx:8:71
    at new Promise (&lt;anonymous&gt;)
    at Object.&lt;anonymous&gt;.__awaiter (/home/fmgordillo/code/favforme/frontend/containers/Donation/Error/index.test.tsx:4:12)
    at Object.&lt;anonymous&gt; (/home/fmgordillo/code/favforme/frontend/containers/Donation/Error/index.test.tsx:5:27)
    at Promise.then.completed (/home/fmgordillo/code/favforme/frontend/node_modules/jest-circus/build/utils.js:390:28)
    at new Promise (&lt;anonymous&gt;)
    at callAsyncCircusFn (/home/fmgordillo/code/favforme/frontend/node_modules/jest-circus/build/utils.js:315:10)
    at _callCircusTest (/home/fmgordillo/code/favforme/frontend/node_modules/jest-circus/build/run.js:218:40)
    at processTicksAndRejections (internal/process/task_queues.js:93:5)
    at _runTest (/home/fmgordillo/code/favforme/frontend/node_modules/jest-circus/build/run.js:155:3)
    at _runTestsForDescribeBlock (/home/fmgordillo/code/favforme/frontend/node_modules/jest-circus/build/run.js:66:9)
    at _runTestsForDescribeBlock (/home/fmgordillo/code/favforme/frontend/node_modules/jest-circus/build/run.js:60:9)
    at run (/home/fmgordillo/code/favforme/frontend/node_modules/jest-circus/build/run.js:25:3)
    at runAndTransformResultsToJestFormat (/home/fmgordillo/code/favforme/frontend/node_modules/jest-circus/build/legacy-code-todo-rewrite/jestAdapterInit.js:167:21)
    at jestAdapter (/home/fmgordillo/code/favforme/frontend/node_modules/jest-circus/build/legacy-code-todo-rewrite/jestAdapter.js:82:19)
    at runTestInternal (/home/fmgordillo/code/favforme/frontend/node_modules/jest-runner/build/runTest.js:389:16)
    at runTest (/home/fmgordillo/code/favforme/frontend/node_modules/jest-runner/build/runTest.js:475:34)
    at Object.worker (/home/fmgordillo/code/favforme/frontend/node_modules/jest-runner/build/testWorker.js:133:12)</failure>
    </testcase>
  </testsuite>
  <testsuite name="[Container] Donation pending" errors="0" failures="1" skipped="0" timestamp="2021-10-29T22:03:13" time="7.347" tests="1">
    <testcase classname="[Container] Donation pending renders correctly" name="[Container] Donation pending renders correctly" time="0.296">
      <failure>Error: expect(received).toMatchSnapshot()

Snapshot name: `[Container] Donation pending renders correctly 1`

- Snapshot  - 24
+ Received  + 24

@@ -410,21 +410,21 @@
        class=&quot;c1&quot;
      &gt;
        &lt;div
          class=&quot;c2&quot;
        &gt;
-         &lt;div
-           style=&quot;overflow: hidden; box-sizing: border-box; display: inline-block; position: relative; width: 60px; height: 60px;&quot;
+         &lt;span
+           style=&quot;box-sizing: border-box; display: inline-block; overflow: hidden; width: 60px; height: 60px; background: none; opacity: 1; border: 0px; margin: 0px; padding: 0px; position: relative;&quot;
          &gt;
            &lt;img
              data-nimg=&quot;fixed&quot;
              decoding=&quot;async&quot;
              src=&quot;data:image/gif;base64,R0lGODlhAQABAIAAAAAAAP///yH5BAEAAAAALAAAAAABAAEAAAIBRAA7&quot;
              style=&quot;position: absolute; top: 0px; left: 0px; bottom: 0px; right: 0px; box-sizing: border-box; padding: 0px; margin: auto; display: block; width: 0px; height: 0px; min-width: 100%; max-width: 100%; min-height: 100%; max-height: 100%;&quot;
            /&gt;
            &lt;noscript /&gt;
-         &lt;/div&gt;
+         &lt;/span&gt;
        &lt;/div&gt;
        &lt;ul
          class=&quot;c3&quot;
        &gt;
          &lt;li
@@ -449,32 +449,32 @@
            class=&quot;c4&quot;
          &gt;
            &lt;a
              class=&quot;c5&quot;
            &gt;
-             &lt;div
-               style=&quot;display: inline-block; max-width: 100%; overflow: hidden; position: relative; box-sizing: border-box; margin: 0px;&quot;
+             &lt;span
+               style=&quot;box-sizing: border-box; display: inline-block; overflow: hidden; background: none; opacity: 1; border: 0px; margin: 0px; padding: 0px; position: relative; max-width: 100%;&quot;
              &gt;
-               &lt;div
-                 style=&quot;box-sizing: border-box; display: block; max-width: 100%;&quot;
+               &lt;span
+                 style=&quot;box-sizing: border-box; display: block; background: none; opacity: 1; border: 0px; margin: 0px; padding: 0px; max-width: 100%;&quot;
                &gt;
                  &lt;img
                    alt=&quot;&quot;
                    aria-hidden=&quot;true&quot;
                    src=&quot;data:image/svg+xml;base64,PHN2ZyB3aWR0aD0iMjcwIiBoZWlnaHQ9IjIxNCIgeG1sbnM9Imh0dHA6Ly93d3cudzMub3JnLzIwMDAvc3ZnIiB2ZXJzaW9uPSIxLjEiLz4=&quot;
-                   style=&quot;max-width: 100%; display: block; margin: 0px; padding: 0px;&quot;
+                   style=&quot;display: block; max-width: 100%; background: none; opacity: 1; border: 0px; margin: 0px; padding: 0px;&quot;
                  /&gt;
-               &lt;/div&gt;
+               &lt;/span&gt;
                &lt;img
                  alt=&quot;FavForMe logo&quot;
                  data-nimg=&quot;intrinsic&quot;
                  decoding=&quot;async&quot;
                  src=&quot;data:image/gif;base64,R0lGODlhAQABAIAAAAAAAP///yH5BAEAAAAALAAAAAABAAEAAAIBRAA7&quot;
                  style=&quot;position: absolute; top: 0px; left: 0px; bottom: 0px; right: 0px; box-sizing: border-box; padding: 0px; margin: auto; display: block; width: 0px; height: 0px; min-width: 100%; max-width: 100%; min-height: 100%; max-height: 100%;&quot;
                /&gt;
                &lt;noscript /&gt;
-             &lt;/div&gt;
+             &lt;/span&gt;
            &lt;/a&gt;
          &lt;/li&gt;
          &lt;li
            class=&quot;c4&quot;
          &gt;
@@ -514,32 +514,32 @@
        &lt;h1
          class=&quot;c12&quot;
        &gt;
          Donación pendiente
        &lt;/h1&gt;
-       &lt;div
-         style=&quot;display: inline-block; max-width: 100%; overflow: hidden; position: relative; box-sizing: border-box; margin: 0px;&quot;
+       &lt;span
+         style=&quot;box-sizing: border-box; display: inline-block; overflow: hidden; background: none; opacity: 1; border: 0px; margin: 0px; padding: 0px; position: relative; max-width: 100%;&quot;
        &gt;
-         &lt;div
-           style=&quot;box-sizing: border-box; display: block; max-width: 100%;&quot;
+         &lt;span
+           style=&quot;box-sizing: border-box; display: block; background: none; opacity: 1; border: 0px; margin: 0px; padding: 0px; max-width: 100%;&quot;
          &gt;
            &lt;img
              alt=&quot;&quot;
              aria-hidden=&quot;true&quot;
              src=&quot;data:image/svg+xml;base64,PHN2ZyB3aWR0aD0iNDgwIiBoZWlnaHQ9IjQwMCIgeG1sbnM9Imh0dHA6Ly93d3cudzMub3JnLzIwMDAvc3ZnIiB2ZXJzaW9uPSIxLjEiLz4=&quot;
-             style=&quot;max-width: 100%; display: block; margin: 0px; padding: 0px;&quot;
+             style=&quot;display: block; max-width: 100%; background: none; opacity: 1; border: 0px; margin: 0px; padding: 0px;&quot;
            /&gt;
-         &lt;/div&gt;
+         &lt;/span&gt;
          &lt;img
            alt=&quot;Persona observando proceso de subida de archivos&quot;
            data-nimg=&quot;intrinsic&quot;
            decoding=&quot;async&quot;
            src=&quot;data:image/gif;base64,R0lGODlhAQABAIAAAAAAAP///yH5BAEAAAAALAAAAAABAAEAAAIBRAA7&quot;
            style=&quot;position: absolute; top: 0px; left: 0px; bottom: 0px; right: 0px; box-sizing: border-box; padding: 0px; margin: auto; display: block; width: 0px; height: 0px; min-width: 100%; max-width: 100%; min-height: 100%; max-height: 100%;&quot;
          /&gt;
          &lt;noscript /&gt;
-       &lt;/div&gt;
+       &lt;/span&gt;
        &lt;p&gt;
          Tu operación está siendo procesada,
          &lt;br /&gt;
          te vamos a mantener informado del estado
        &lt;/p&gt;
@@ -558,32 +558,32 @@
          &lt;div&gt;
            &lt;a
              aria-label=&quot;Volver al inicio&quot;
              href=&quot;#&quot;
            &gt;
-             &lt;div
-               style=&quot;display: inline-block; max-width: 100%; overflow: hidden; position: relative; box-sizing: border-box; margin: 0px;&quot;
+             &lt;span
+               style=&quot;box-sizing: border-box; display: inline-block; overflow: hidden; background: none; opacity: 1; border: 0px; margin: 0px; padding: 0px; position: relative; max-width: 100%;&quot;
              &gt;
-               &lt;div
-                 style=&quot;box-sizing: border-box; display: block; max-width: 100%;&quot;
+               &lt;span
+                 style=&quot;box-sizing: border-box; display: block; background: none; opacity: 1; border: 0px; margin: 0px; padding: 0px; max-width: 100%;&quot;
                &gt;
                  &lt;img
                    alt=&quot;&quot;
                    aria-hidden=&quot;true&quot;
                    src=&quot;data:image/svg+xml;base64,PHN2ZyB3aWR0aD0iMzAwIiBoZWlnaHQ9IjU1IiB4bWxucz0iaHR0cDovL3d3dy53My5vcmcvMjAwMC9zdmciIHZlcnNpb249IjEuMSIvPg==&quot;
-                   style=&quot;max-width: 100%; display: block; margin: 0px; padding: 0px;&quot;
+                   style=&quot;display: block; max-width: 100%; background: none; opacity: 1; border: 0px; margin: 0px; padding: 0px;&quot;
                  /&gt;
-               &lt;/div&gt;
+               &lt;/span&gt;
                &lt;img
                  alt=&quot;Logo FavForMe&quot;
                  data-nimg=&quot;intrinsic&quot;
                  decoding=&quot;async&quot;
                  src=&quot;data:image/gif;base64,R0lGODlhAQABAIAAAAAAAP///yH5BAEAAAAALAAAAAABAAEAAAIBRAA7&quot;
                  style=&quot;position: absolute; top: 0px; left: 0px; bottom: 0px; right: 0px; box-sizing: border-box; padding: 0px; margin: auto; display: block; width: 0px; height: 0px; min-width: 100%; max-width: 100%; min-height: 100%; max-height: 100%;&quot;
                /&gt;
                &lt;noscript /&gt;
-             &lt;/div&gt;
+             &lt;/span&gt;
            &lt;/a&gt;
          &lt;/div&gt;
          &lt;ul
            class=&quot;c16&quot;
          &gt;
    at /home/fmgordillo/code/favforme/frontend/containers/Donation/Pending/index.test.tsx:7:26
    at step (/home/fmgordillo/code/favforme/frontend/containers/Donation/Pending/index.test.tsx:33:23)
    at Object.next (/home/fmgordillo/code/favforme/frontend/containers/Donation/Pending/index.test.tsx:14:53)
    at /home/fmgordillo/code/favforme/frontend/containers/Donation/Pending/index.test.tsx:8:71
    at new Promise (&lt;anonymous&gt;)
    at Object.&lt;anonymous&gt;.__awaiter (/home/fmgordillo/code/favforme/frontend/containers/Donation/Pending/index.test.tsx:4:12)
    at Object.&lt;anonymous&gt; (/home/fmgordillo/code/favforme/frontend/containers/Donation/Pending/index.test.tsx:5:27)
    at Promise.then.completed (/home/fmgordillo/code/favforme/frontend/node_modules/jest-circus/build/utils.js:390:28)
    at new Promise (&lt;anonymous&gt;)
    at callAsyncCircusFn (/home/fmgordillo/code/favforme/frontend/node_modules/jest-circus/build/utils.js:315:10)
    at _callCircusTest (/home/fmgordillo/code/favforme/frontend/node_modules/jest-circus/build/run.js:218:40)
    at processTicksAndRejections (internal/process/task_queues.js:93:5)
    at _runTest (/home/fmgordillo/code/favforme/frontend/node_modules/jest-circus/build/run.js:155:3)
    at _runTestsForDescribeBlock (/home/fmgordillo/code/favforme/frontend/node_modules/jest-circus/build/run.js:66:9)
    at _runTestsForDescribeBlock (/home/fmgordillo/code/favforme/frontend/node_modules/jest-circus/build/run.js:60:9)
    at run (/home/fmgordillo/code/favforme/frontend/node_modules/jest-circus/build/run.js:25:3)
    at runAndTransformResultsToJestFormat (/home/fmgordillo/code/favforme/frontend/node_modules/jest-circus/build/legacy-code-todo-rewrite/jestAdapterInit.js:167:21)
    at jestAdapter (/home/fmgordillo/code/favforme/frontend/node_modules/jest-circus/build/legacy-code-todo-rewrite/jestAdapter.js:82:19)
    at runTestInternal (/home/fmgordillo/code/favforme/frontend/node_modules/jest-runner/build/runTest.js:389:16)
    at runTest (/home/fmgordillo/code/favforme/frontend/node_modules/jest-runner/build/runTest.js:475:34)
    at Object.worker (/home/fmgordillo/code/favforme/frontend/node_modules/jest-runner/build/testWorker.js:133:12)</failure>
    </testcase>
  </testsuite>
  <testsuite name="[Container] Donation success" errors="0" failures="1" skipped="0" timestamp="2021-10-29T22:03:13" time="7.374" tests="1">
    <testcase classname="[Container] Donation success renders correctly" name="[Container] Donation success renders correctly" time="0.291">
      <failure>Error: expect(received).toMatchSnapshot()

Snapshot name: `[Container] Donation success renders correctly 1`

- Snapshot  - 24
+ Received  + 24

@@ -410,21 +410,21 @@
        class=&quot;c1&quot;
      &gt;
        &lt;div
          class=&quot;c2&quot;
        &gt;
-         &lt;div
-           style=&quot;overflow: hidden; box-sizing: border-box; display: inline-block; position: relative; width: 60px; height: 60px;&quot;
+         &lt;span
+           style=&quot;box-sizing: border-box; display: inline-block; overflow: hidden; width: 60px; height: 60px; background: none; opacity: 1; border: 0px; margin: 0px; padding: 0px; position: relative;&quot;
          &gt;
            &lt;img
              data-nimg=&quot;fixed&quot;
              decoding=&quot;async&quot;
              src=&quot;data:image/gif;base64,R0lGODlhAQABAIAAAAAAAP///yH5BAEAAAAALAAAAAABAAEAAAIBRAA7&quot;
              style=&quot;position: absolute; top: 0px; left: 0px; bottom: 0px; right: 0px; box-sizing: border-box; padding: 0px; margin: auto; display: block; width: 0px; height: 0px; min-width: 100%; max-width: 100%; min-height: 100%; max-height: 100%;&quot;
            /&gt;
            &lt;noscript /&gt;
-         &lt;/div&gt;
+         &lt;/span&gt;
        &lt;/div&gt;
        &lt;ul
          class=&quot;c3&quot;
        &gt;
          &lt;li
@@ -449,32 +449,32 @@
            class=&quot;c4&quot;
          &gt;
            &lt;a
              class=&quot;c5&quot;
            &gt;
-             &lt;div
-               style=&quot;display: inline-block; max-width: 100%; overflow: hidden; position: relative; box-sizing: border-box; margin: 0px;&quot;
+             &lt;span
+               style=&quot;box-sizing: border-box; display: inline-block; overflow: hidden; background: none; opacity: 1; border: 0px; margin: 0px; padding: 0px; position: relative; max-width: 100%;&quot;
              &gt;
-               &lt;div
-                 style=&quot;box-sizing: border-box; display: block; max-width: 100%;&quot;
+               &lt;span
+                 style=&quot;box-sizing: border-box; display: block; background: none; opacity: 1; border: 0px; margin: 0px; padding: 0px; max-width: 100%;&quot;
                &gt;
                  &lt;img
                    alt=&quot;&quot;
                    aria-hidden=&quot;true&quot;
                    src=&quot;data:image/svg+xml;base64,PHN2ZyB3aWR0aD0iMjcwIiBoZWlnaHQ9IjIxNCIgeG1sbnM9Imh0dHA6Ly93d3cudzMub3JnLzIwMDAvc3ZnIiB2ZXJzaW9uPSIxLjEiLz4=&quot;
-                   style=&quot;max-width: 100%; display: block; margin: 0px; padding: 0px;&quot;
+                   style=&quot;display: block; max-width: 100%; background: none; opacity: 1; border: 0px; margin: 0px; padding: 0px;&quot;
                  /&gt;
-               &lt;/div&gt;
+               &lt;/span&gt;
                &lt;img
                  alt=&quot;FavForMe logo&quot;
                  data-nimg=&quot;intrinsic&quot;
                  decoding=&quot;async&quot;
                  src=&quot;data:image/gif;base64,R0lGODlhAQABAIAAAAAAAP///yH5BAEAAAAALAAAAAABAAEAAAIBRAA7&quot;
                  style=&quot;position: absolute; top: 0px; left: 0px; bottom: 0px; right: 0px; box-sizing: border-box; padding: 0px; margin: auto; display: block; width: 0px; height: 0px; min-width: 100%; max-width: 100%; min-height: 100%; max-height: 100%;&quot;
                /&gt;
                &lt;noscript /&gt;
-             &lt;/div&gt;
+             &lt;/span&gt;
            &lt;/a&gt;
          &lt;/li&gt;
          &lt;li
            class=&quot;c4&quot;
          &gt;
@@ -523,32 +523,32 @@
          &lt;/strong&gt;
          &lt;br /&gt;
          En la acción 
          &lt;strong /&gt;
        &lt;/p&gt;
-       &lt;div
-         style=&quot;display: inline-block; max-width: 100%; overflow: hidden; position: relative; box-sizing: border-box; margin: 0px;&quot;
+       &lt;span
+         style=&quot;box-sizing: border-box; display: inline-block; overflow: hidden; background: none; opacity: 1; border: 0px; margin: 0px; padding: 0px; position: relative; max-width: 100%;&quot;
        &gt;
-         &lt;div
-           style=&quot;box-sizing: border-box; display: block; max-width: 100%;&quot;
+         &lt;span
+           style=&quot;box-sizing: border-box; display: block; background: none; opacity: 1; border: 0px; margin: 0px; padding: 0px; max-width: 100%;&quot;
          &gt;
            &lt;img
              alt=&quot;&quot;
              aria-hidden=&quot;true&quot;
              src=&quot;data:image/svg+xml;base64,PHN2ZyB3aWR0aD0iMzUwIiBoZWlnaHQ9IjQwMCIgeG1sbnM9Imh0dHA6Ly93d3cudzMub3JnLzIwMDAvc3ZnIiB2ZXJzaW9uPSIxLjEiLz4=&quot;
-             style=&quot;max-width: 100%; display: block; margin: 0px; padding: 0px;&quot;
+             style=&quot;display: block; max-width: 100%; background: none; opacity: 1; border: 0px; margin: 0px; padding: 0px;&quot;
            /&gt;
-         &lt;/div&gt;
+         &lt;/span&gt;
          &lt;img
            alt=&quot;Personas celebrando&quot;
            data-nimg=&quot;intrinsic&quot;
            decoding=&quot;async&quot;
            src=&quot;data:image/gif;base64,R0lGODlhAQABAIAAAAAAAP///yH5BAEAAAAALAAAAAABAAEAAAIBRAA7&quot;
            style=&quot;position: absolute; top: 0px; left: 0px; bottom: 0px; right: 0px; box-sizing: border-box; padding: 0px; margin: auto; display: block; width: 0px; height: 0px; min-width: 100%; max-width: 100%; min-height: 100%; max-height: 100%;&quot;
          /&gt;
          &lt;noscript /&gt;
-       &lt;/div&gt;
+       &lt;/span&gt;
        &lt;p&gt;
          Gracias a tu ayuda estamos un paso más cerca de alcanzar la
          &lt;br /&gt;
          meta para que 
          &lt;strong&gt;
@@ -575,32 +575,32 @@
          &lt;div&gt;
            &lt;a
              aria-label=&quot;Volver al inicio&quot;
              href=&quot;#&quot;
            &gt;
-             &lt;div
-               style=&quot;display: inline-block; max-width: 100%; overflow: hidden; position: relative; box-sizing: border-box; margin: 0px;&quot;
+             &lt;span
+               style=&quot;box-sizing: border-box; display: inline-block; overflow: hidden; background: none; opacity: 1; border: 0px; margin: 0px; padding: 0px; position: relative; max-width: 100%;&quot;
              &gt;
-               &lt;div
-                 style=&quot;box-sizing: border-box; display: block; max-width: 100%;&quot;
+               &lt;span
+                 style=&quot;box-sizing: border-box; display: block; background: none; opacity: 1; border: 0px; margin: 0px; padding: 0px; max-width: 100%;&quot;
                &gt;
                  &lt;img
                    alt=&quot;&quot;
                    aria-hidden=&quot;true&quot;
                    src=&quot;data:image/svg+xml;base64,PHN2ZyB3aWR0aD0iMzAwIiBoZWlnaHQ9IjU1IiB4bWxucz0iaHR0cDovL3d3dy53My5vcmcvMjAwMC9zdmciIHZlcnNpb249IjEuMSIvPg==&quot;
-                   style=&quot;max-width: 100%; display: block; margin: 0px; padding: 0px;&quot;
+                   style=&quot;display: block; max-width: 100%; background: none; opacity: 1; border: 0px; margin: 0px; padding: 0px;&quot;
                  /&gt;
-               &lt;/div&gt;
+               &lt;/span&gt;
                &lt;img
                  alt=&quot;Logo FavForMe&quot;
                  data-nimg=&quot;intrinsic&quot;
                  decoding=&quot;async&quot;
                  src=&quot;data:image/gif;base64,R0lGODlhAQABAIAAAAAAAP///yH5BAEAAAAALAAAAAABAAEAAAIBRAA7&quot;
                  style=&quot;position: absolute; top: 0px; left: 0px; bottom: 0px; right: 0px; box-sizing: border-box; padding: 0px; margin: auto; display: block; width: 0px; height: 0px; min-width: 100%; max-width: 100%; min-height: 100%; max-height: 100%;&quot;
                /&gt;
                &lt;noscript /&gt;
-             &lt;/div&gt;
+             &lt;/span&gt;
            &lt;/a&gt;
          &lt;/div&gt;
          &lt;ul
            class=&quot;c16&quot;
          &gt;
    at /home/fmgordillo/code/favforme/frontend/containers/Donation/Success/index.test.tsx:9:26
    at step (/home/fmgordillo/code/favforme/frontend/containers/Donation/Success/index.test.tsx:33:23)
    at Object.next (/home/fmgordillo/code/favforme/frontend/containers/Donation/Success/index.test.tsx:14:53)
    at /home/fmgordillo/code/favforme/frontend/containers/Donation/Success/index.test.tsx:8:71
    at new Promise (&lt;anonymous&gt;)
    at Object.&lt;anonymous&gt;.__awaiter (/home/fmgordillo/code/favforme/frontend/containers/Donation/Success/index.test.tsx:4:12)
    at Object.&lt;anonymous&gt; (/home/fmgordillo/code/favforme/frontend/containers/Donation/Success/index.test.tsx:5:27)
    at Promise.then.completed (/home/fmgordillo/code/favforme/frontend/node_modules/jest-circus/build/utils.js:390:28)
    at new Promise (&lt;anonymous&gt;)
    at callAsyncCircusFn (/home/fmgordillo/code/favforme/frontend/node_modules/jest-circus/build/utils.js:315:10)
    at _callCircusTest (/home/fmgordillo/code/favforme/frontend/node_modules/jest-circus/build/run.js:218:40)
    at processTicksAndRejections (internal/process/task_queues.js:93:5)
    at _runTest (/home/fmgordillo/code/favforme/frontend/node_modules/jest-circus/build/run.js:155:3)
    at _runTestsForDescribeBlock (/home/fmgordillo/code/favforme/frontend/node_modules/jest-circus/build/run.js:66:9)
    at _runTestsForDescribeBlock (/home/fmgordillo/code/favforme/frontend/node_modules/jest-circus/build/run.js:60:9)
    at run (/home/fmgordillo/code/favforme/frontend/node_modules/jest-circus/build/run.js:25:3)
    at runAndTransformResultsToJestFormat (/home/fmgordillo/code/favforme/frontend/node_modules/jest-circus/build/legacy-code-todo-rewrite/jestAdapterInit.js:167:21)
    at jestAdapter (/home/fmgordillo/code/favforme/frontend/node_modules/jest-circus/build/legacy-code-todo-rewrite/jestAdapter.js:82:19)
    at runTestInternal (/home/fmgordillo/code/favforme/frontend/node_modules/jest-runner/build/runTest.js:389:16)
    at runTest (/home/fmgordillo/code/favforme/frontend/node_modules/jest-runner/build/runTest.js:475:34)
    at Object.worker (/home/fmgordillo/code/favforme/frontend/node_modules/jest-runner/build/testWorker.js:133:12)</failure>
    </testcase>
  </testsuite>
  <testsuite name="[Container] About us" errors="0" failures="1" skipped="0" timestamp="2021-10-29T22:03:13" time="7.576" tests="1">
    <testcase classname="[Container] About us renders correctly" name="[Container] About us renders correctly" time="0.475">
      <failure>Error: expect(received).toMatchSnapshot()

Snapshot name: `[Container] About us renders correctly 1`

- Snapshot  - 143
+ Received  + 143

@@ -618,21 +618,21 @@
        class=&quot;c1&quot;
      &gt;
        &lt;div
          class=&quot;c2&quot;
        &gt;
-         &lt;div
-           style=&quot;overflow: hidden; box-sizing: border-box; display: inline-block; position: relative; width: 60px; height: 60px;&quot;
+         &lt;span
+           style=&quot;box-sizing: border-box; display: inline-block; overflow: hidden; width: 60px; height: 60px; background: none; opacity: 1; border: 0px; margin: 0px; padding: 0px; position: relative;&quot;
          &gt;
            &lt;img
              data-nimg=&quot;fixed&quot;
              decoding=&quot;async&quot;
              src=&quot;data:image/gif;base64,R0lGODlhAQABAIAAAAAAAP///yH5BAEAAAAALAAAAAABAAEAAAIBRAA7&quot;
              style=&quot;position: absolute; top: 0px; left: 0px; bottom: 0px; right: 0px; box-sizing: border-box; padding: 0px; margin: auto; display: block; width: 0px; height: 0px; min-width: 100%; max-width: 100%; min-height: 100%; max-height: 100%;&quot;
            /&gt;
            &lt;noscript /&gt;
-         &lt;/div&gt;
+         &lt;/span&gt;
        &lt;/div&gt;
        &lt;ul
          class=&quot;c3&quot;
        &gt;
          &lt;li
@@ -657,32 +657,32 @@
            class=&quot;c4&quot;
          &gt;
            &lt;a
              class=&quot;c5&quot;
            &gt;
-             &lt;div
-               style=&quot;display: inline-block; max-width: 100%; overflow: hidden; position: relative; box-sizing: border-box; margin: 0px;&quot;
+             &lt;span
+               style=&quot;box-sizing: border-box; display: inline-block; overflow: hidden; background: none; opacity: 1; border: 0px; margin: 0px; padding: 0px; position: relative; max-width: 100%;&quot;
              &gt;
-               &lt;div
-                 style=&quot;box-sizing: border-box; display: block; max-width: 100%;&quot;
+               &lt;span
+                 style=&quot;box-sizing: border-box; display: block; background: none; opacity: 1; border: 0px; margin: 0px; padding: 0px; max-width: 100%;&quot;
                &gt;
                  &lt;img
                    alt=&quot;&quot;
                    aria-hidden=&quot;true&quot;
                    src=&quot;data:image/svg+xml;base64,PHN2ZyB3aWR0aD0iMjcwIiBoZWlnaHQ9IjIxNCIgeG1sbnM9Imh0dHA6Ly93d3cudzMub3JnLzIwMDAvc3ZnIiB2ZXJzaW9uPSIxLjEiLz4=&quot;
-                   style=&quot;max-width: 100%; display: block; margin: 0px; padding: 0px;&quot;
+                   style=&quot;display: block; max-width: 100%; background: none; opacity: 1; border: 0px; margin: 0px; padding: 0px;&quot;
                  /&gt;
-               &lt;/div&gt;
+               &lt;/span&gt;
                &lt;img
                  alt=&quot;FavForMe logo&quot;
                  data-nimg=&quot;intrinsic&quot;
                  decoding=&quot;async&quot;
                  src=&quot;data:image/gif;base64,R0lGODlhAQABAIAAAAAAAP///yH5BAEAAAAALAAAAAABAAEAAAIBRAA7&quot;
                  style=&quot;position: absolute; top: 0px; left: 0px; bottom: 0px; right: 0px; box-sizing: border-box; padding: 0px; margin: auto; display: block; width: 0px; height: 0px; min-width: 100%; max-width: 100%; min-height: 100%; max-height: 100%;&quot;
                /&gt;
                &lt;noscript /&gt;
-             &lt;/div&gt;
+             &lt;/span&gt;
            &lt;/a&gt;
          &lt;/li&gt;
          &lt;li
            class=&quot;c4&quot;
          &gt;
@@ -746,32 +746,32 @@
            &lt;/p&gt;
          &lt;/div&gt;
          &lt;div
            class=&quot;img&quot;
          &gt;
-           &lt;div
-             style=&quot;display: inline-block; max-width: 100%; overflow: hidden; position: relative; box-sizing: border-box; margin: 0px;&quot;
+           &lt;span
+             style=&quot;box-sizing: border-box; display: inline-block; overflow: hidden; background: none; opacity: 1; border: 0px; margin: 0px; padding: 0px; position: relative; max-width: 100%;&quot;
            &gt;
-             &lt;div
-               style=&quot;box-sizing: border-box; display: block; max-width: 100%;&quot;
+             &lt;span
+               style=&quot;box-sizing: border-box; display: block; background: none; opacity: 1; border: 0px; margin: 0px; padding: 0px; max-width: 100%;&quot;
              &gt;
                &lt;img
                  alt=&quot;&quot;
                  aria-hidden=&quot;true&quot;
                  src=&quot;data:image/svg+xml;base64,PHN2ZyB3aWR0aD0iNTUwIiBoZWlnaHQ9IjM1MCIgeG1sbnM9Imh0dHA6Ly93d3cudzMub3JnLzIwMDAvc3ZnIiB2ZXJzaW9uPSIxLjEiLz4=&quot;
-                 style=&quot;max-width: 100%; display: block; margin: 0px; padding: 0px;&quot;
+                 style=&quot;display: block; max-width: 100%; background: none; opacity: 1; border: 0px; margin: 0px; padding: 0px;&quot;
                /&gt;
-             &lt;/div&gt;
+             &lt;/span&gt;
              &lt;img
                alt=&quot;Personas con lapices&quot;
                data-nimg=&quot;intrinsic&quot;
                decoding=&quot;async&quot;
                src=&quot;data:image/gif;base64,R0lGODlhAQABAIAAAAAAAP///yH5BAEAAAAALAAAAAABAAEAAAIBRAA7&quot;
                style=&quot;position: absolute; top: 0px; left: 0px; bottom: 0px; right: 0px; box-sizing: border-box; padding: 0px; margin: auto; display: block; width: 0px; height: 0px; min-width: 100%; max-width: 100%; min-height: 100%; max-height: 100%;&quot;
              /&gt;
              &lt;noscript /&gt;
-           &lt;/div&gt;
+           &lt;/span&gt;
          &lt;/div&gt;
        &lt;/section&gt;
        &lt;section
          class=&quot;c14 c15&quot;
        &gt;
@@ -842,32 +842,32 @@
            class=&quot;c19&quot;
          &gt;
            &lt;div
              class=&quot;c20&quot;
            &gt;
-             &lt;div
-               style=&quot;display: inline-block; max-width: 100%; overflow: hidden; position: relative; box-sizing: border-box; margin: 0px;&quot;
+             &lt;span
+               style=&quot;box-sizing: border-box; display: inline-block; overflow: hidden; background: none; opacity: 1; border: 0px; margin: 0px; padding: 0px; position: relative; max-width: 100%;&quot;
              &gt;
-               &lt;div
-                 style=&quot;box-sizing: border-box; display: block; max-width: 100%;&quot;
+               &lt;span
+                 style=&quot;box-sizing: border-box; display: block; background: none; opacity: 1; border: 0px; margin: 0px; padding: 0px; max-width: 100%;&quot;
                &gt;
                  &lt;img
                    alt=&quot;&quot;
                    aria-hidden=&quot;true&quot;
                    src=&quot;data:image/svg+xml;base64,PHN2ZyB3aWR0aD0iMjAwIiBoZWlnaHQ9IjIwMCIgeG1sbnM9Imh0dHA6Ly93d3cudzMub3JnLzIwMDAvc3ZnIiB2ZXJzaW9uPSIxLjEiLz4=&quot;
-                   style=&quot;max-width: 100%; display: block; margin: 0px; padding: 0px;&quot;
+                   style=&quot;display: block; max-width: 100%; background: none; opacity: 1; border: 0px; margin: 0px; padding: 0px;&quot;
                  /&gt;
-               &lt;/div&gt;
+               &lt;/span&gt;
                &lt;img
                  alt=&quot;Foto de Matias Gonzalez&quot;
                  data-nimg=&quot;intrinsic&quot;
                  decoding=&quot;async&quot;
                  src=&quot;data:image/gif;base64,R0lGODlhAQABAIAAAAAAAP///yH5BAEAAAAALAAAAAABAAEAAAIBRAA7&quot;
                  style=&quot;position: absolute; top: 0px; left: 0px; bottom: 0px; right: 0px; box-sizing: border-box; padding: 0px; margin: auto; display: block; width: 0px; height: 0px; min-width: 100%; max-width: 100%; min-height: 100%; max-height: 100%;&quot;
                /&gt;
                &lt;noscript /&gt;
-             &lt;/div&gt;
+             &lt;/span&gt;
              &lt;p&gt;
                Matias Gonzalez
              &lt;/p&gt;
              &lt;br /&gt;
              &lt;span&gt;
@@ -877,32 +877,32 @@
              &lt;/span&gt;
            &lt;/div&gt;
            &lt;div
              class=&quot;c20&quot;
            &gt;
-             &lt;div
-               style=&quot;display: inline-block; max-width: 100%; overflow: hidden; position: relative; box-sizing: border-box; margin: 0px;&quot;
+             &lt;span
+               style=&quot;box-sizing: border-box; display: inline-block; overflow: hidden; background: none; opacity: 1; border: 0px; margin: 0px; padding: 0px; position: relative; max-width: 100%;&quot;
              &gt;
-               &lt;div
-                 style=&quot;box-sizing: border-box; display: block; max-width: 100%;&quot;
+               &lt;span
+                 style=&quot;box-sizing: border-box; display: block; background: none; opacity: 1; border: 0px; margin: 0px; padding: 0px; max-width: 100%;&quot;
                &gt;
                  &lt;img
                    alt=&quot;&quot;
                    aria-hidden=&quot;true&quot;
                    src=&quot;data:image/svg+xml;base64,PHN2ZyB3aWR0aD0iMjAwIiBoZWlnaHQ9IjIwMCIgeG1sbnM9Imh0dHA6Ly93d3cudzMub3JnLzIwMDAvc3ZnIiB2ZXJzaW9uPSIxLjEiLz4=&quot;
-                   style=&quot;max-width: 100%; display: block; margin: 0px; padding: 0px;&quot;
+                   style=&quot;display: block; max-width: 100%; background: none; opacity: 1; border: 0px; margin: 0px; padding: 0px;&quot;
                  /&gt;
-               &lt;/div&gt;
+               &lt;/span&gt;
                &lt;img
                  alt=&quot;Foto de Martin Zucchi&quot;
                  data-nimg=&quot;intrinsic&quot;
                  decoding=&quot;async&quot;
                  src=&quot;data:image/gif;base64,R0lGODlhAQABAIAAAAAAAP///yH5BAEAAAAALAAAAAABAAEAAAIBRAA7&quot;
                  style=&quot;position: absolute; top: 0px; left: 0px; bottom: 0px; right: 0px; box-sizing: border-box; padding: 0px; margin: auto; display: block; width: 0px; height: 0px; min-width: 100%; max-width: 100%; min-height: 100%; max-height: 100%;&quot;
                /&gt;
                &lt;noscript /&gt;
-             &lt;/div&gt;
+             &lt;/span&gt;
              &lt;p&gt;
                Martin Zucchi
              &lt;/p&gt;
              &lt;br /&gt;
              &lt;span&gt;
@@ -912,32 +912,32 @@
              &lt;/span&gt;
            &lt;/div&gt;
            &lt;div
              class=&quot;c20&quot;
            &gt;
-             &lt;div
-               style=&quot;display: inline-block; max-width: 100%; overflow: hidden; position: relative; box-sizing: border-box; margin: 0px;&quot;
+             &lt;span
+               style=&quot;box-sizing: border-box; display: inline-block; overflow: hidden; background: none; opacity: 1; border: 0px; margin: 0px; padding: 0px; position: relative; max-width: 100%;&quot;
              &gt;
-               &lt;div
-                 style=&quot;box-sizing: border-box; display: block; max-width: 100%;&quot;
+               &lt;span
+                 style=&quot;box-sizing: border-box; display: block; background: none; opacity: 1; border: 0px; margin: 0px; padding: 0px; max-width: 100%;&quot;
                &gt;
                  &lt;img
                    alt=&quot;&quot;
                    aria-hidden=&quot;true&quot;
                    src=&quot;data:image/svg+xml;base64,PHN2ZyB3aWR0aD0iMjAwIiBoZWlnaHQ9IjIwMCIgeG1sbnM9Imh0dHA6Ly93d3cudzMub3JnLzIwMDAvc3ZnIiB2ZXJzaW9uPSIxLjEiLz4=&quot;
-                   style=&quot;max-width: 100%; display: block; margin: 0px; padding: 0px;&quot;
+                   style=&quot;display: block; max-width: 100%; background: none; opacity: 1; border: 0px; margin: 0px; padding: 0px;&quot;
                  /&gt;
-               &lt;/div&gt;
+               &lt;/span&gt;
                &lt;img
                  alt=&quot;Foto de Agustin Rosso&quot;
                  data-nimg=&quot;intrinsic&quot;
                  decoding=&quot;async&quot;
                  src=&quot;data:image/gif;base64,R0lGODlhAQABAIAAAAAAAP///yH5BAEAAAAALAAAAAABAAEAAAIBRAA7&quot;
                  style=&quot;position: absolute; top: 0px; left: 0px; bottom: 0px; right: 0px; box-sizing: border-box; padding: 0px; margin: auto; display: block; width: 0px; height: 0px; min-width: 100%; max-width: 100%; min-height: 100%; max-height: 100%;&quot;
                /&gt;
                &lt;noscript /&gt;
-             &lt;/div&gt;
+             &lt;/span&gt;
              &lt;p&gt;
                Agustin Rosso
              &lt;/p&gt;
              &lt;br /&gt;
              &lt;span&gt;
@@ -947,32 +947,32 @@
              &lt;/span&gt;
            &lt;/div&gt;
            &lt;div
              class=&quot;c20&quot;
            &gt;
-             &lt;div
-               style=&quot;display: inline-block; max-width: 100%; overflow: hidden; position: relative; box-sizing: border-box; margin: 0px;&quot;
+             &lt;span
+               style=&quot;box-sizing: border-box; display: inline-block; overflow: hidden; background: none; opacity: 1; border: 0px; margin: 0px; padding: 0px; position: relative; max-width: 100%;&quot;
              &gt;
-               &lt;div
-                 style=&quot;box-sizing: border-box; display: block; max-width: 100%;&quot;
+               &lt;span
+                 style=&quot;box-sizing: border-box; display: block; background: none; opacity: 1; border: 0px; margin: 0px; padding: 0px; max-width: 100%;&quot;
                &gt;
                  &lt;img
                    alt=&quot;&quot;
                    aria-hidden=&quot;true&quot;
                    src=&quot;data:image/svg+xml;base64,PHN2ZyB3aWR0aD0iMjAwIiBoZWlnaHQ9IjIwMCIgeG1sbnM9Imh0dHA6Ly93d3cudzMub3JnLzIwMDAvc3ZnIiB2ZXJzaW9uPSIxLjEiLz4=&quot;
-                   style=&quot;max-width: 100%; display: block; margin: 0px; padding: 0px;&quot;
+                   style=&quot;display: block; max-width: 100%; background: none; opacity: 1; border: 0px; margin: 0px; padding: 0px;&quot;
                  /&gt;
-               &lt;/div&gt;
+               &lt;/span&gt;
                &lt;img
                  alt=&quot;Foto de Facundo Gordillo&quot;
                  data-nimg=&quot;intrinsic&quot;
                  decoding=&quot;async&quot;
                  src=&quot;data:image/gif;base64,R0lGODlhAQABAIAAAAAAAP///yH5BAEAAAAALAAAAAABAAEAAAIBRAA7&quot;
                  style=&quot;position: absolute; top: 0px; left: 0px; bottom: 0px; right: 0px; box-sizing: border-box; padding: 0px; margin: auto; display: block; width: 0px; height: 0px; min-width: 100%; max-width: 100%; min-height: 100%; max-height: 100%;&quot;
                /&gt;
                &lt;noscript /&gt;
-             &lt;/div&gt;
+             &lt;/span&gt;
              &lt;p&gt;
                Facundo Gordillo
              &lt;/p&gt;
              &lt;br /&gt;
              &lt;span&gt;
@@ -982,32 +982,32 @@
              &lt;/span&gt;
            &lt;/div&gt;
            &lt;div
              class=&quot;c20&quot;
            &gt;
-             &lt;div
-               style=&quot;display: inline-block; max-width: 100%; overflow: hidden; position: relative; box-sizing: border-box; margin: 0px;&quot;
+             &lt;span
+               style=&quot;box-sizing: border-box; display: inline-block; overflow: hidden; background: none; opacity: 1; border: 0px; margin: 0px; padding: 0px; position: relative; max-width: 100%;&quot;
              &gt;
-               &lt;div
-                 style=&quot;box-sizing: border-box; display: block; max-width: 100%;&quot;
+               &lt;span
+                 style=&quot;box-sizing: border-box; display: block; background: none; opacity: 1; border: 0px; margin: 0px; padding: 0px; max-width: 100%;&quot;
                &gt;
                  &lt;img
                    alt=&quot;&quot;
                    aria-hidden=&quot;true&quot;
                    src=&quot;data:image/svg+xml;base64,PHN2ZyB3aWR0aD0iMjAwIiBoZWlnaHQ9IjIwMCIgeG1sbnM9Imh0dHA6Ly93d3cudzMub3JnLzIwMDAvc3ZnIiB2ZXJzaW9uPSIxLjEiLz4=&quot;
-                   style=&quot;max-width: 100%; display: block; margin: 0px; padding: 0px;&quot;
+                   style=&quot;display: block; max-width: 100%; background: none; opacity: 1; border: 0px; margin: 0px; padding: 0px;&quot;
                  /&gt;
-               &lt;/div&gt;
+               &lt;/span&gt;
                &lt;img
                  alt=&quot;Foto de Ezequiel Serra&quot;
                  data-nimg=&quot;intrinsic&quot;
                  decoding=&quot;async&quot;
                  src=&quot;data:image/gif;base64,R0lGODlhAQABAIAAAAAAAP///yH5BAEAAAAALAAAAAABAAEAAAIBRAA7&quot;
                  style=&quot;position: absolute; top: 0px; left: 0px; bottom: 0px; right: 0px; box-sizing: border-box; padding: 0px; margin: auto; display: block; width: 0px; height: 0px; min-width: 100%; max-width: 100%; min-height: 100%; max-height: 100%;&quot;
                /&gt;
                &lt;noscript /&gt;
-             &lt;/div&gt;
+             &lt;/span&gt;
              &lt;p&gt;
                Ezequiel Serra
              &lt;/p&gt;
              &lt;br /&gt;
              &lt;span&gt;
@@ -1017,32 +1017,32 @@
              &lt;/span&gt;
            &lt;/div&gt;
            &lt;div
              class=&quot;c20&quot;
            &gt;
-             &lt;div
-               style=&quot;display: inline-block; max-width: 100%; overflow: hidden; position: relative; box-sizing: border-box; margin: 0px;&quot;
+             &lt;span
+               style=&quot;box-sizing: border-box; display: inline-block; overflow: hidden; background: none; opacity: 1; border: 0px; margin: 0px; padding: 0px; position: relative; max-width: 100%;&quot;
              &gt;
-               &lt;div
-                 style=&quot;box-sizing: border-box; display: block; max-width: 100%;&quot;
+               &lt;span
+                 style=&quot;box-sizing: border-box; display: block; background: none; opacity: 1; border: 0px; margin: 0px; padding: 0px; max-width: 100%;&quot;
                &gt;
                  &lt;img
                    alt=&quot;&quot;
                    aria-hidden=&quot;true&quot;
                    src=&quot;data:image/svg+xml;base64,PHN2ZyB3aWR0aD0iMjAwIiBoZWlnaHQ9IjIwMCIgeG1sbnM9Imh0dHA6Ly93d3cudzMub3JnLzIwMDAvc3ZnIiB2ZXJzaW9uPSIxLjEiLz4=&quot;
-                   style=&quot;max-width: 100%; display: block; margin: 0px; padding: 0px;&quot;
+                   style=&quot;display: block; max-width: 100%; background: none; opacity: 1; border: 0px; margin: 0px; padding: 0px;&quot;
                  /&gt;
-               &lt;/div&gt;
+               &lt;/span&gt;
                &lt;img
                  alt=&quot;Foto de Guillermo Cónema&quot;
                  data-nimg=&quot;intrinsic&quot;
                  decoding=&quot;async&quot;
                  src=&quot;data:image/gif;base64,R0lGODlhAQABAIAAAAAAAP///yH5BAEAAAAALAAAAAABAAEAAAIBRAA7&quot;
                  style=&quot;position: absolute; top: 0px; left: 0px; bottom: 0px; right: 0px; box-sizing: border-box; padding: 0px; margin: auto; display: block; width: 0px; height: 0px; min-width: 100%; max-width: 100%; min-height: 100%; max-height: 100%;&quot;
                /&gt;
                &lt;noscript /&gt;
-             &lt;/div&gt;
+             &lt;/span&gt;
              &lt;p&gt;
                Guillermo Cónema
              &lt;/p&gt;
              &lt;br /&gt;
              &lt;span&gt;
@@ -1065,33 +1065,33 @@
            class=&quot;c17&quot;
          &gt;
            &lt;div
              class=&quot;c21&quot;
            &gt;
-             &lt;div
-               style=&quot;display: inline-block; max-width: 100%; overflow: hidden; position: relative; box-sizing: border-box; margin: 0px;&quot;
+             &lt;span
+               style=&quot;box-sizing: border-box; display: inline-block; overflow: hidden; background: none; opacity: 1; border: 0px; margin: 0px; padding: 0px; position: relative; max-width: 100%;&quot;
              &gt;
-               &lt;div
-                 style=&quot;box-sizing: border-box; display: block; max-width: 100%;&quot;
+               &lt;span
+                 style=&quot;box-sizing: border-box; display: block; background: none; opacity: 1; border: 0px; margin: 0px; padding: 0px; max-width: 100%;&quot;
                &gt;
                  &lt;img
                    alt=&quot;&quot;
                    aria-hidden=&quot;true&quot;
                    src=&quot;data:image/svg+xml;base64,PHN2ZyB3aWR0aD0iMjAwIiBoZWlnaHQ9IjIwMCIgeG1sbnM9Imh0dHA6Ly93d3cudzMub3JnLzIwMDAvc3ZnIiB2ZXJzaW9uPSIxLjEiLz4=&quot;
-                   style=&quot;max-width: 100%; display: block; margin: 0px; padding: 0px;&quot;
+                   style=&quot;display: block; max-width: 100%; background: none; opacity: 1; border: 0px; margin: 0px; padding: 0px;&quot;
                  /&gt;
-               &lt;/div&gt;
+               &lt;/span&gt;
                &lt;img
                  alt=&quot;Foto de Horacio Cuervo&quot;
                  class=&quot;image&quot;
                  data-nimg=&quot;intrinsic&quot;
                  decoding=&quot;async&quot;
                  src=&quot;data:image/gif;base64,R0lGODlhAQABAIAAAAAAAP///yH5BAEAAAAALAAAAAABAAEAAAIBRAA7&quot;
                  style=&quot;position: absolute; top: 0px; left: 0px; bottom: 0px; right: 0px; box-sizing: border-box; padding: 0px; margin: auto; display: block; width: 0px; height: 0px; min-width: 100%; max-width: 100%; min-height: 100%; max-height: 100%;&quot;
                /&gt;
                &lt;noscript /&gt;
-             &lt;/div&gt;
+             &lt;/span&gt;
              &lt;h2
                class=&quot;c13 c22&quot;
              &gt;
                Horacio Cuervo
              &lt;/h2&gt;
@@ -1106,33 +1106,33 @@
              &lt;/p&gt;
            &lt;/div&gt;
            &lt;div
              class=&quot;c21&quot;
            &gt;
-             &lt;div
-               style=&quot;display: inline-block; max-width: 100%; overflow: hidden; position: relative; box-sizing: border-box; margin: 0px;&quot;
+             &lt;span
+               style=&quot;box-sizing: border-box; display: inline-block; overflow: hidden; background: none; opacity: 1; border: 0px; margin: 0px; padding: 0px; position: relative; max-width: 100%;&quot;
              &gt;
-               &lt;div
-                 style=&quot;box-sizing: border-box; display: block; max-width: 100%;&quot;
+               &lt;span
+                 style=&quot;box-sizing: border-box; display: block; background: none; opacity: 1; border: 0px; margin: 0px; padding: 0px; max-width: 100%;&quot;
                &gt;
                  &lt;img
                    alt=&quot;&quot;
                    aria-hidden=&quot;true&quot;
                    src=&quot;data:image/svg+xml;base64,PHN2ZyB3aWR0aD0iMjAwIiBoZWlnaHQ9IjIwMCIgeG1sbnM9Imh0dHA6Ly93d3cudzMub3JnLzIwMDAvc3ZnIiB2ZXJzaW9uPSIxLjEiLz4=&quot;
-                   style=&quot;max-width: 100%; display: block; margin: 0px; padding: 0px;&quot;
+                   style=&quot;display: block; max-width: 100%; background: none; opacity: 1; border: 0px; margin: 0px; padding: 0px;&quot;
                  /&gt;
-               &lt;/div&gt;
+               &lt;/span&gt;
                &lt;img
                  alt=&quot;Foto de Pablo Gustavo Cotarelo&quot;
                  class=&quot;image&quot;
                  data-nimg=&quot;intrinsic&quot;
                  decoding=&quot;async&quot;
                  src=&quot;data:image/gif;base64,R0lGODlhAQABAIAAAAAAAP///yH5BAEAAAAALAAAAAABAAEAAAIBRAA7&quot;
                  style=&quot;position: absolute; top: 0px; left: 0px; bottom: 0px; right: 0px; box-sizing: border-box; padding: 0px; margin: auto; display: block; width: 0px; height: 0px; min-width: 100%; max-width: 100%; min-height: 100%; max-height: 100%;&quot;
                /&gt;
                &lt;noscript /&gt;
-             &lt;/div&gt;
+             &lt;/span&gt;
              &lt;h2
                class=&quot;c13 c22&quot;
              &gt;
                Gustavo Cotarelo
              &lt;/h2&gt;
@@ -1143,33 +1143,33 @@
              &lt;/p&gt;
            &lt;/div&gt;
            &lt;div
              class=&quot;c21&quot;
            &gt;
-             &lt;div
-               style=&quot;display: inline-block; max-width: 100%; overflow: hidden; position: relative; box-sizing: border-box; margin: 0px;&quot;
+             &lt;span
+               style=&quot;box-sizing: border-box; display: inline-block; overflow: hidden; background: none; opacity: 1; border: 0px; margin: 0px; padding: 0px; position: relative; max-width: 100%;&quot;
              &gt;
-               &lt;div
-                 style=&quot;box-sizing: border-box; display: block; max-width: 100%;&quot;
+               &lt;span
+                 style=&quot;box-sizing: border-box; display: block; background: none; opacity: 1; border: 0px; margin: 0px; padding: 0px; max-width: 100%;&quot;
                &gt;
                  &lt;img
                    alt=&quot;&quot;
                    aria-hidden=&quot;true&quot;
                    src=&quot;data:image/svg+xml;base64,PHN2ZyB3aWR0aD0iMjAwIiBoZWlnaHQ9IjIwMCIgeG1sbnM9Imh0dHA6Ly93d3cudzMub3JnLzIwMDAvc3ZnIiB2ZXJzaW9uPSIxLjEiLz4=&quot;
-                   style=&quot;max-width: 100%; display: block; margin: 0px; padding: 0px;&quot;
+                   style=&quot;display: block; max-width: 100%; background: none; opacity: 1; border: 0px; margin: 0px; padding: 0px;&quot;
                  /&gt;
-               &lt;/div&gt;
+               &lt;/span&gt;
                &lt;img
                  alt=&quot;Foto de Pablo Agustín Escontrela&quot;
                  class=&quot;image&quot;
                  data-nimg=&quot;intrinsic&quot;
                  decoding=&quot;async&quot;
                  src=&quot;data:image/gif;base64,R0lGODlhAQABAIAAAAAAAP///yH5BAEAAAAALAAAAAABAAEAAAIBRAA7&quot;
                  style=&quot;position: absolute; top: 0px; left: 0px; bottom: 0px; right: 0px; box-sizing: border-box; padding: 0px; margin: auto; display: block; width: 0px; height: 0px; min-width: 100%; max-width: 100%; min-height: 100%; max-height: 100%;&quot;
                /&gt;
                &lt;noscript /&gt;
-             &lt;/div&gt;
+             &lt;/span&gt;
              &lt;h2
                class=&quot;c13 c22&quot;
              &gt;
                Pablo Agustín Escontrela
              &lt;/h2&gt;
@@ -1199,228 +1199,228 @@
              &lt;a
                href=&quot;https://trilogylab.com/&quot;
                rel=&quot;noreferrer noopener&quot;
                target=&quot;_blank&quot;
              &gt;
-               &lt;div
-                 style=&quot;display: inline-block; max-width: 100%; overflow: hidden; position: relative; box-sizing: border-box; margin: 0px;&quot;
+               &lt;span
+                 style=&quot;box-sizing: border-box; display: inline-block; overflow: hidden; background: none; opacity: 1; border: 0px; margin: 0px; padding: 0px; position: relative; max-width: 100%;&quot;
                &gt;
-                 &lt;div
-                   style=&quot;box-sizing: border-box; display: block; max-width: 100%;&quot;
+                 &lt;span
+                   style=&quot;box-sizing: border-box; display: block; background: none; opacity: 1; border: 0px; margin: 0px; padding: 0px; max-width: 100%;&quot;
                  &gt;
                    &lt;img
                      alt=&quot;&quot;
                      aria-hidden=&quot;true&quot;
                      src=&quot;data:image/svg+xml;base64,PHN2ZyB3aWR0aD0iMTIyIiBoZWlnaHQ9IjEyMiIgeG1sbnM9Imh0dHA6Ly93d3cudzMub3JnLzIwMDAvc3ZnIiB2ZXJzaW9uPSIxLjEiLz4=&quot;
-                     style=&quot;max-width: 100%; display: block; margin: 0px; padding: 0px;&quot;
+                     style=&quot;display: block; max-width: 100%; background: none; opacity: 1; border: 0px; margin: 0px; padding: 0px;&quot;
                    /&gt;
-                 &lt;/div&gt;
+                 &lt;/span&gt;
                  &lt;img
                    alt=&quot;Trilogy Lab logo&quot;
                    data-nimg=&quot;intrinsic&quot;
                    decoding=&quot;async&quot;
                    src=&quot;data:image/gif;base64,R0lGODlhAQABAIAAAAAAAP///yH5BAEAAAAALAAAAAABAAEAAAIBRAA7&quot;
                    style=&quot;position: absolute; top: 0px; left: 0px; bottom: 0px; right: 0px; box-sizing: border-box; padding: 0px; margin: auto; display: block; width: 0px; height: 0px; min-width: 100%; max-width: 100%; min-height: 100%; max-height: 100%;&quot;
                  /&gt;
                  &lt;noscript /&gt;
-               &lt;/div&gt;
+               &lt;/span&gt;
              &lt;/a&gt;
              &lt;a
                href=&quot;https://fi.co/&quot;
                rel=&quot;noreferrer noopener&quot;
                target=&quot;_blank&quot;
              &gt;
-               &lt;div
-                 style=&quot;display: inline-block; max-width: 100%; overflow: hidden; position: relative; box-sizing: border-box; margin: 0px;&quot;
+               &lt;span
+                 style=&quot;box-sizing: border-box; display: inline-block; overflow: hidden; background: none; opacity: 1; border: 0px; margin: 0px; padding: 0px; position: relative; max-width: 100%;&quot;
                &gt;
-                 &lt;div
-                   style=&quot;box-sizing: border-box; display: block; max-width: 100%;&quot;
+                 &lt;span
+                   style=&quot;box-sizing: border-box; display: block; background: none; opacity: 1; border: 0px; margin: 0px; padding: 0px; max-width: 100%;&quot;
                  &gt;
                    &lt;img
                      alt=&quot;&quot;
                      aria-hidden=&quot;true&quot;
                      src=&quot;data:image/svg+xml;base64,PHN2ZyB3aWR0aD0iMjY5IiBoZWlnaHQ9IjEwMiIgeG1sbnM9Imh0dHA6Ly93d3cudzMub3JnLzIwMDAvc3ZnIiB2ZXJzaW9uPSIxLjEiLz4=&quot;
-                     style=&quot;max-width: 100%; display: block; margin: 0px; padding: 0px;&quot;
+                     style=&quot;display: block; max-width: 100%; background: none; opacity: 1; border: 0px; margin: 0px; padding: 0px;&quot;
                    /&gt;
-                 &lt;/div&gt;
+                 &lt;/span&gt;
                  &lt;img
                    alt=&quot;Founder Institute logo&quot;
                    data-nimg=&quot;intrinsic&quot;
                    decoding=&quot;async&quot;
                    src=&quot;data:image/gif;base64,R0lGODlhAQABAIAAAAAAAP///yH5BAEAAAAALAAAAAABAAEAAAIBRAA7&quot;
                    style=&quot;position: absolute; top: 0px; left: 0px; bottom: 0px; right: 0px; box-sizing: border-box; padding: 0px; margin: auto; display: block; width: 0px; height: 0px; min-width: 100%; max-width: 100%; min-height: 100%; max-height: 100%;&quot;
                  /&gt;
                  &lt;noscript /&gt;
-               &lt;/div&gt;
+               &lt;/span&gt;
              &lt;/a&gt;
              &lt;a
                href=&quot;https://www.blahbox.net/&quot;
                rel=&quot;noreferrer noopener&quot;
                target=&quot;_blank&quot;
              &gt;
-               &lt;div
-                 style=&quot;display: inline-block; max-width: 100%; overflow: hidden; position: relative; box-sizing: border-box; margin: 0px;&quot;
+               &lt;span
+                 style=&quot;box-sizing: border-box; display: inline-block; overflow: hidden; background: none; opacity: 1; border: 0px; margin: 0px; padding: 0px; position: relative; max-width: 100%;&quot;
                &gt;
-                 &lt;div
-                   style=&quot;box-sizing: border-box; display: block; max-width: 100%;&quot;
+                 &lt;span
+                   style=&quot;box-sizing: border-box; display: block; background: none; opacity: 1; border: 0px; margin: 0px; padding: 0px; max-width: 100%;&quot;
                  &gt;
                    &lt;img
                      alt=&quot;&quot;
                      aria-hidden=&quot;true&quot;
                      src=&quot;data:image/svg+xml;base64,PHN2ZyB3aWR0aD0iMTIyIiBoZWlnaHQ9IjEyMiIgeG1sbnM9Imh0dHA6Ly93d3cudzMub3JnLzIwMDAvc3ZnIiB2ZXJzaW9uPSIxLjEiLz4=&quot;
-                     style=&quot;max-width: 100%; display: block; margin: 0px; padding: 0px;&quot;
+                     style=&quot;display: block; max-width: 100%; background: none; opacity: 1; border: 0px; margin: 0px; padding: 0px;&quot;
                    /&gt;
-                 &lt;/div&gt;
+                 &lt;/span&gt;
                  &lt;img
                    alt=&quot;Blahbox logo&quot;
                    data-nimg=&quot;intrinsic&quot;
                    decoding=&quot;async&quot;
                    src=&quot;data:image/gif;base64,R0lGODlhAQABAIAAAAAAAP///yH5BAEAAAAALAAAAAABAAEAAAIBRAA7&quot;
                    style=&quot;position: absolute; top: 0px; left: 0px; bottom: 0px; right: 0px; box-sizing: border-box; padding: 0px; margin: auto; display: block; width: 0px; height: 0px; min-width: 100%; max-width: 100%; min-height: 100%; max-height: 100%;&quot;
                  /&gt;
                  &lt;noscript /&gt;
-               &lt;/div&gt;
+               &lt;/span&gt;
              &lt;/a&gt;
              &lt;a
                href=&quot;https://gorather.com/&quot;
                rel=&quot;noreferrer noopener&quot;
                target=&quot;_blank&quot;
              &gt;
-               &lt;div
-                 style=&quot;display: inline-block; max-width: 100%; overflow: hidden; position: relative; box-sizing: border-box; margin: 0px;&quot;
+               &lt;span
+                 style=&quot;box-sizing: border-box; display: inline-block; overflow: hidden; background: none; opacity: 1; border: 0px; margin: 0px; padding: 0px; position: relative; max-width: 100%;&quot;
                &gt;
-                 &lt;div
-                   style=&quot;box-sizing: border-box; display: block; max-width: 100%;&quot;
+                 &lt;span
+                   style=&quot;box-sizing: border-box; display: block; background: none; opacity: 1; border: 0px; margin: 0px; padding: 0px; max-width: 100%;&quot;
                  &gt;
                    &lt;img
                      alt=&quot;&quot;
                      aria-hidden=&quot;true&quot;
                      src=&quot;data:image/svg+xml;base64,PHN2ZyB3aWR0aD0iMjcwIiBoZWlnaHQ9IjEwMiIgeG1sbnM9Imh0dHA6Ly93d3cudzMub3JnLzIwMDAvc3ZnIiB2ZXJzaW9uPSIxLjEiLz4=&quot;
-                     style=&quot;max-width: 100%; display: block; margin: 0px; padding: 0px;&quot;
+                     style=&quot;display: block; max-width: 100%; background: none; opacity: 1; border: 0px; margin: 0px; padding: 0px;&quot;
                    /&gt;
-                 &lt;/div&gt;
+                 &lt;/span&gt;
                  &lt;img
                    alt=&quot;Rather logo&quot;
                    data-nimg=&quot;intrinsic&quot;
                    decoding=&quot;async&quot;
                    src=&quot;data:image/gif;base64,R0lGODlhAQABAIAAAAAAAP///yH5BAEAAAAALAAAAAABAAEAAAIBRAA7&quot;
                    style=&quot;position: absolute; top: 0px; left: 0px; bottom: 0px; right: 0px; box-sizing: border-box; padding: 0px; margin: auto; display: block; width: 0px; height: 0px; min-width: 100%; max-width: 100%; min-height: 100%; max-height: 100%;&quot;
                  /&gt;
                  &lt;noscript /&gt;
-               &lt;/div&gt;
+               &lt;/span&gt;
              &lt;/a&gt;
              &lt;a
                href=&quot;http://www.delanada.org/&quot;
                rel=&quot;noreferrer noopener&quot;
                target=&quot;_blank&quot;
              &gt;
-               &lt;div
-                 style=&quot;display: inline-block; max-width: 100%; overflow: hidden; position: relative; box-sizing: border-box; margin: 0px;&quot;
+               &lt;span
+                 style=&quot;box-sizing: border-box; display: inline-block; overflow: hidden; background: none; opacity: 1; border: 0px; margin: 0px; padding: 0px; position: relative; max-width: 100%;&quot;
                &gt;
-                 &lt;div
-                   style=&quot;box-sizing: border-box; display: block; max-width: 100%;&quot;
+                 &lt;span
+                   style=&quot;box-sizing: border-box; display: block; background: none; opacity: 1; border: 0px; margin: 0px; padding: 0px; max-width: 100%;&quot;
                  &gt;
                    &lt;img
                      alt=&quot;&quot;
                      aria-hidden=&quot;true&quot;
                      src=&quot;data:image/svg+xml;base64,PHN2ZyB3aWR0aD0iMTIyIiBoZWlnaHQ9IjEyMiIgeG1sbnM9Imh0dHA6Ly93d3cudzMub3JnLzIwMDAvc3ZnIiB2ZXJzaW9uPSIxLjEiLz4=&quot;
-                     style=&quot;max-width: 100%; display: block; margin: 0px; padding: 0px;&quot;
+                     style=&quot;display: block; max-width: 100%; background: none; opacity: 1; border: 0px; margin: 0px; padding: 0px;&quot;
                    /&gt;
-                 &lt;/div&gt;
+                 &lt;/span&gt;
                  &lt;img
                    alt=&quot;De La Nada Asociación Civil logo&quot;
                    data-nimg=&quot;intrinsic&quot;
                    decoding=&quot;async&quot;
                    src=&quot;data:image/gif;base64,R0lGODlhAQABAIAAAAAAAP///yH5BAEAAAAALAAAAAABAAEAAAIBRAA7&quot;
                    style=&quot;position: absolute; top: 0px; left: 0px; bottom: 0px; right: 0px; box-sizing: border-box; padding: 0px; margin: auto; display: block; width: 0px; height: 0px; min-width: 100%; max-width: 100%; min-height: 100%; max-height: 100%;&quot;
                  /&gt;
                  &lt;noscript /&gt;
-               &lt;/div&gt;
+               &lt;/span&gt;
              &lt;/a&gt;
              &lt;a
                href=&quot;https://merenderootromundo.wixsite.com/otromundodelviso&quot;
                rel=&quot;noreferrer noopener&quot;
                target=&quot;_blank&quot;
              &gt;
-               &lt;div
-                 style=&quot;display: inline-block; max-width: 100%; overflow: hidden; position: relative; box-sizing: border-box; margin: 0px;&quot;
+               &lt;span
+                 style=&quot;box-sizing: border-box; display: inline-block; overflow: hidden; background: none; opacity: 1; border: 0px; margin: 0px; padding: 0px; position: relative; max-width: 100%;&quot;
                &gt;
-                 &lt;div
-                   style=&quot;box-sizing: border-box; display: block; max-width: 100%;&quot;
+                 &lt;span
+                   style=&quot;box-sizing: border-box; display: block; background: none; opacity: 1; border: 0px; margin: 0px; padding: 0px; max-width: 100%;&quot;
                  &gt;
                    &lt;img
                      alt=&quot;&quot;
                      aria-hidden=&quot;true&quot;
                      src=&quot;data:image/svg+xml;base64,PHN2ZyB3aWR0aD0iMTIyIiBoZWlnaHQ9IjEyMiIgeG1sbnM9Imh0dHA6Ly93d3cudzMub3JnLzIwMDAvc3ZnIiB2ZXJzaW9uPSIxLjEiLz4=&quot;
-                     style=&quot;max-width: 100%; display: block; margin: 0px; padding: 0px;&quot;
+                     style=&quot;display: block; max-width: 100%; background: none; opacity: 1; border: 0px; margin: 0px; padding: 0px;&quot;
                    /&gt;
-                 &lt;/div&gt;
+                 &lt;/span&gt;
                  &lt;img
                    alt=&quot;Otro Mundo Centro Comunitario logo&quot;
                    data-nimg=&quot;intrinsic&quot;
                    decoding=&quot;async&quot;
                    src=&quot;data:image/gif;base64,R0lGODlhAQABAIAAAAAAAP///yH5BAEAAAAALAAAAAABAAEAAAIBRAA7&quot;
                    style=&quot;position: absolute; top: 0px; left: 0px; bottom: 0px; right: 0px; box-sizing: border-box; padding: 0px; margin: auto; display: block; width: 0px; height: 0px; min-width: 100%; max-width: 100%; min-height: 100%; max-height: 100%;&quot;
                  /&gt;
                  &lt;noscript /&gt;
-               &lt;/div&gt;
+               &lt;/span&gt;
              &lt;/a&gt;
              &lt;a
                href=&quot;https://hospicemadreteresa.org.ar&quot;
                rel=&quot;noreferrer noopener&quot;
                target=&quot;_blank&quot;
              &gt;
-               &lt;div
-                 style=&quot;display: inline-block; max-width: 100%; overflow: hidden; position: relative; box-sizing: border-box; margin: 0px;&quot;
+               &lt;span
+                 style=&quot;box-sizing: border-box; display: inline-block; overflow: hidden; background: none; opacity: 1; border: 0px; margin: 0px; padding: 0px; position: relative; max-width: 100%;&quot;
                &gt;
-                 &lt;div
-                   style=&quot;box-sizing: border-box; display: block; max-width: 100%;&quot;
+                 &lt;span
+                   style=&quot;box-sizing: border-box; display: block; background: none; opacity: 1; border: 0px; margin: 0px; padding: 0px; max-width: 100%;&quot;
                  &gt;
                    &lt;img
                      alt=&quot;&quot;
                      aria-hidden=&quot;true&quot;
                      src=&quot;data:image/svg+xml;base64,PHN2ZyB3aWR0aD0iMTQyIiBoZWlnaHQ9IjEwMyIgeG1sbnM9Imh0dHA6Ly93d3cudzMub3JnLzIwMDAvc3ZnIiB2ZXJzaW9uPSIxLjEiLz4=&quot;
-                     style=&quot;max-width: 100%; display: block; margin: 0px; padding: 0px;&quot;
+                     style=&quot;display: block; max-width: 100%; background: none; opacity: 1; border: 0px; margin: 0px; padding: 0px;&quot;
                    /&gt;
-                 &lt;/div&gt;
+                 &lt;/span&gt;
                  &lt;img
                    alt=&quot;Hospice Madre Teresa logo&quot;
                    data-nimg=&quot;intrinsic&quot;
                    decoding=&quot;async&quot;
                    src=&quot;data:image/gif;base64,R0lGODlhAQABAIAAAAAAAP///yH5BAEAAAAALAAAAAABAAEAAAIBRAA7&quot;
                    style=&quot;position: absolute; top: 0px; left: 0px; bottom: 0px; right: 0px; box-sizing: border-box; padding: 0px; margin: auto; display: block; width: 0px; height: 0px; min-width: 100%; max-width: 100%; min-height: 100%; max-height: 100%;&quot;
                  /&gt;
                  &lt;noscript /&gt;
-               &lt;/div&gt;
+               &lt;/span&gt;
              &lt;/a&gt;
              &lt;a
                href=&quot;http://adelante.org.ar/&quot;
                rel=&quot;noreferrer noopener&quot;
                target=&quot;_blank&quot;
              &gt;
-               &lt;div
-                 style=&quot;display: inline-block; max-width: 100%; overflow: hidden; position: relative; box-sizing: border-box; margin: 0px;&quot;
+               &lt;span
+                 style=&quot;box-sizing: border-box; display: inline-block; overflow: hidden; background: none; opacity: 1; border: 0px; margin: 0px; padding: 0px; position: relative; max-width: 100%;&quot;
                &gt;
-                 &lt;div
-                   style=&quot;box-sizing: border-box; display: block; max-width: 100%;&quot;
+                 &lt;span
+                   style=&quot;box-sizing: border-box; display: block; background: none; opacity: 1; border: 0px; margin: 0px; padding: 0px; max-width: 100%;&quot;
                  &gt;
                    &lt;img
                      alt=&quot;&quot;
                      aria-hidden=&quot;true&quot;
                      src=&quot;data:image/svg+xml;base64,PHN2ZyB3aWR0aD0iMTIyIiBoZWlnaHQ9IjEyMiIgeG1sbnM9Imh0dHA6Ly93d3cudzMub3JnLzIwMDAvc3ZnIiB2ZXJzaW9uPSIxLjEiLz4=&quot;
-                     style=&quot;max-width: 100%; display: block; margin: 0px; padding: 0px;&quot;
+                     style=&quot;display: block; max-width: 100%; background: none; opacity: 1; border: 0px; margin: 0px; padding: 0px;&quot;
                    /&gt;
-                 &lt;/div&gt;
+                 &lt;/span&gt;
                  &lt;img
                    alt=&quot;Asociación Civil Adelante&quot;
                    data-nimg=&quot;intrinsic&quot;
                    decoding=&quot;async&quot;
                    src=&quot;data:image/gif;base64,R0lGODlhAQABAIAAAAAAAP///yH5BAEAAAAALAAAAAABAAEAAAIBRAA7&quot;
                    style=&quot;position: absolute; top: 0px; left: 0px; bottom: 0px; right: 0px; box-sizing: border-box; padding: 0px; margin: auto; display: block; width: 0px; height: 0px; min-width: 100%; max-width: 100%; min-height: 100%; max-height: 100%;&quot;
                  /&gt;
                  &lt;noscript /&gt;
-               &lt;/div&gt;
+               &lt;/span&gt;
              &lt;/a&gt;
            &lt;/section&gt;
          &lt;/section&gt;
        &lt;/section&gt;
      &lt;/section&gt;
@@ -1433,32 +1433,32 @@
          &lt;div&gt;
            &lt;a
              aria-label=&quot;Volver al inicio&quot;
              href=&quot;#&quot;
            &gt;
-             &lt;div
-               style=&quot;display: inline-block; max-width: 100%; overflow: hidden; position: relative; box-sizing: border-box; margin: 0px;&quot;
+             &lt;span
+               style=&quot;box-sizing: border-box; display: inline-block; overflow: hidden; background: none; opacity: 1; border: 0px; margin: 0px; padding: 0px; position: relative; max-width: 100%;&quot;
              &gt;
-               &lt;div
-                 style=&quot;box-sizing: border-box; display: block; max-width: 100%;&quot;
+               &lt;span
+                 style=&quot;box-sizing: border-box; display: block; background: none; opacity: 1; border: 0px; margin: 0px; padding: 0px; max-width: 100%;&quot;
                &gt;
                  &lt;img
                    alt=&quot;&quot;
                    aria-hidden=&quot;true&quot;
                    src=&quot;data:image/svg+xml;base64,PHN2ZyB3aWR0aD0iMzAwIiBoZWlnaHQ9IjU1IiB4bWxucz0iaHR0cDovL3d3dy53My5vcmcvMjAwMC9zdmciIHZlcnNpb249IjEuMSIvPg==&quot;
-                   style=&quot;max-width: 100%; display: block; margin: 0px; padding: 0px;&quot;
+                   style=&quot;display: block; max-width: 100%; background: none; opacity: 1; border: 0px; margin: 0px; padding: 0px;&quot;
                  /&gt;
-               &lt;/div&gt;
+               &lt;/span&gt;
                &lt;img
                  alt=&quot;Logo FavForMe&quot;
                  data-nimg=&quot;intrinsic&quot;
                  decoding=&quot;async&quot;
                  src=&quot;data:image/gif;base64,R0lGODlhAQABAIAAAAAAAP///yH5BAEAAAAALAAAAAABAAEAAAIBRAA7&quot;
                  style=&quot;position: absolute; top: 0px; left: 0px; bottom: 0px; right: 0px; box-sizing: border-box; padding: 0px; margin: auto; display: block; width: 0px; height: 0px; min-width: 100%; max-width: 100%; min-height: 100%; max-height: 100%;&quot;
                /&gt;
                &lt;noscript /&gt;
-             &lt;/div&gt;
+             &lt;/span&gt;
            &lt;/a&gt;
          &lt;/div&gt;
          &lt;ul
            class=&quot;c29&quot;
          &gt;
    at /home/fmgordillo/code/favforme/frontend/containers/AboutUs/index.test.tsx:7:26
    at step (/home/fmgordillo/code/favforme/frontend/containers/AboutUs/index.test.tsx:33:23)
    at Object.next (/home/fmgordillo/code/favforme/frontend/containers/AboutUs/index.test.tsx:14:53)
    at /home/fmgordillo/code/favforme/frontend/containers/AboutUs/index.test.tsx:8:71
    at new Promise (&lt;anonymous&gt;)
    at Object.&lt;anonymous&gt;.__awaiter (/home/fmgordillo/code/favforme/frontend/containers/AboutUs/index.test.tsx:4:12)
    at Object.&lt;anonymous&gt; (/home/fmgordillo/code/favforme/frontend/containers/AboutUs/index.test.tsx:5:27)
    at Promise.then.completed (/home/fmgordillo/code/favforme/frontend/node_modules/jest-circus/build/utils.js:390:28)
    at new Promise (&lt;anonymous&gt;)
    at callAsyncCircusFn (/home/fmgordillo/code/favforme/frontend/node_modules/jest-circus/build/utils.js:315:10)
    at _callCircusTest (/home/fmgordillo/code/favforme/frontend/node_modules/jest-circus/build/run.js:218:40)
    at processTicksAndRejections (internal/process/task_queues.js:93:5)
    at _runTest (/home/fmgordillo/code/favforme/frontend/node_modules/jest-circus/build/run.js:155:3)
    at _runTestsForDescribeBlock (/home/fmgordillo/code/favforme/frontend/node_modules/jest-circus/build/run.js:66:9)
    at _runTestsForDescribeBlock (/home/fmgordillo/code/favforme/frontend/node_modules/jest-circus/build/run.js:60:9)
    at run (/home/fmgordillo/code/favforme/frontend/node_modules/jest-circus/build/run.js:25:3)
    at runAndTransformResultsToJestFormat (/home/fmgordillo/code/favforme/frontend/node_modules/jest-circus/build/legacy-code-todo-rewrite/jestAdapterInit.js:167:21)
    at jestAdapter (/home/fmgordillo/code/favforme/frontend/node_modules/jest-circus/build/legacy-code-todo-rewrite/jestAdapter.js:82:19)
    at runTestInternal (/home/fmgordillo/code/favforme/frontend/node_modules/jest-runner/build/runTest.js:389:16)
    at runTest (/home/fmgordillo/code/favforme/frontend/node_modules/jest-runner/build/runTest.js:475:34)
    at Object.worker (/home/fmgordillo/code/favforme/frontend/node_modules/jest-runner/build/testWorker.js:133:12)</failure>
    </testcase>
  </testsuite>
  <testsuite name="[Container] Index" errors="0" failures="1" skipped="0" timestamp="2021-10-29T22:03:13" time="7.721" tests="1">
    <testcase classname="[Container] Index renders correctly" name="[Container] Index renders correctly" time="0.601">
      <failure>Error: expect(received).toMatchSnapshot()

Snapshot name: `[Container] Index renders correctly 1`

- Snapshot  - 170
+ Received  + 170

@@ -864,21 +864,21 @@
        class=&quot;c1&quot;
      &gt;
        &lt;div
          class=&quot;c2&quot;
        &gt;
-         &lt;div
-           style=&quot;overflow: hidden; box-sizing: border-box; display: inline-block; position: relative; width: 60px; height: 60px;&quot;
+         &lt;span
+           style=&quot;box-sizing: border-box; display: inline-block; overflow: hidden; width: 60px; height: 60px; background: none; opacity: 1; border: 0px; margin: 0px; padding: 0px; position: relative;&quot;
          &gt;
            &lt;img
              data-nimg=&quot;fixed&quot;
              decoding=&quot;async&quot;
              src=&quot;data:image/gif;base64,R0lGODlhAQABAIAAAAAAAP///yH5BAEAAAAALAAAAAABAAEAAAIBRAA7&quot;
              style=&quot;position: absolute; top: 0px; left: 0px; bottom: 0px; right: 0px; box-sizing: border-box; padding: 0px; margin: auto; display: block; width: 0px; height: 0px; min-width: 100%; max-width: 100%; min-height: 100%; max-height: 100%;&quot;
            /&gt;
            &lt;noscript /&gt;
-         &lt;/div&gt;
+         &lt;/span&gt;
        &lt;/div&gt;
        &lt;ul
          class=&quot;c3&quot;
        &gt;
          &lt;li
@@ -903,32 +903,32 @@
            class=&quot;c4&quot;
          &gt;
            &lt;a
              class=&quot;c5&quot;
            &gt;
-             &lt;div
-               style=&quot;display: inline-block; max-width: 100%; overflow: hidden; position: relative; box-sizing: border-box; margin: 0px;&quot;
+             &lt;span
+               style=&quot;box-sizing: border-box; display: inline-block; overflow: hidden; background: none; opacity: 1; border: 0px; margin: 0px; padding: 0px; position: relative; max-width: 100%;&quot;
              &gt;
-               &lt;div
-                 style=&quot;box-sizing: border-box; display: block; max-width: 100%;&quot;
+               &lt;span
+                 style=&quot;box-sizing: border-box; display: block; background: none; opacity: 1; border: 0px; margin: 0px; padding: 0px; max-width: 100%;&quot;
                &gt;
                  &lt;img
                    alt=&quot;&quot;
                    aria-hidden=&quot;true&quot;
                    src=&quot;data:image/svg+xml;base64,PHN2ZyB3aWR0aD0iMjcwIiBoZWlnaHQ9IjIxNCIgeG1sbnM9Imh0dHA6Ly93d3cudzMub3JnLzIwMDAvc3ZnIiB2ZXJzaW9uPSIxLjEiLz4=&quot;
-                   style=&quot;max-width: 100%; display: block; margin: 0px; padding: 0px;&quot;
+                   style=&quot;display: block; max-width: 100%; background: none; opacity: 1; border: 0px; margin: 0px; padding: 0px;&quot;
                  /&gt;
-               &lt;/div&gt;
+               &lt;/span&gt;
                &lt;img
                  alt=&quot;FavForMe logo&quot;
                  data-nimg=&quot;intrinsic&quot;
                  decoding=&quot;async&quot;
                  src=&quot;data:image/gif;base64,R0lGODlhAQABAIAAAAAAAP///yH5BAEAAAAALAAAAAABAAEAAAIBRAA7&quot;
                  style=&quot;position: absolute; top: 0px; left: 0px; bottom: 0px; right: 0px; box-sizing: border-box; padding: 0px; margin: auto; display: block; width: 0px; height: 0px; min-width: 100%; max-width: 100%; min-height: 100%; max-height: 100%;&quot;
                /&gt;
                &lt;noscript /&gt;
-             &lt;/div&gt;
+             &lt;/span&gt;
            &lt;/a&gt;
          &lt;/li&gt;
          &lt;li
            class=&quot;c4&quot;
          &gt;
@@ -996,22 +996,22 @@
        class=&quot;c13&quot;
      &gt;
        &lt;div
          class=&quot;c14&quot;
        &gt;
-         &lt;div
-           style=&quot;overflow: hidden; box-sizing: border-box; display: inline-block; position: relative; width: 350px; height: 330px;&quot;
+         &lt;span
+           style=&quot;box-sizing: border-box; display: inline-block; overflow: hidden; width: 350px; height: 330px; background: none; opacity: 1; border: 0px; margin: 0px; padding: 0px; position: relative;&quot;
          &gt;
            &lt;img
              alt=&quot;Mano izquierda&quot;
              data-nimg=&quot;fixed&quot;
              decoding=&quot;async&quot;
              src=&quot;data:image/gif;base64,R0lGODlhAQABAIAAAAAAAP///yH5BAEAAAAALAAAAAABAAEAAAIBRAA7&quot;
              style=&quot;position: absolute; top: 0px; left: 0px; bottom: 0px; right: 0px; box-sizing: border-box; padding: 0px; margin: auto; display: block; width: 0px; height: 0px; min-width: 100%; max-width: 100%; min-height: 100%; max-height: 100%;&quot;
            /&gt;
            &lt;noscript /&gt;
-         &lt;/div&gt;
+         &lt;/span&gt;
        &lt;/div&gt;
        &lt;div
          class=&quot;c15&quot;
        &gt;
          &lt;h1
@@ -1034,22 +1034,22 @@
          &lt;/p&gt;
        &lt;/div&gt;
        &lt;div
          class=&quot;c19&quot;
        &gt;
-         &lt;div
-           style=&quot;overflow: hidden; box-sizing: border-box; display: inline-block; position: relative; width: 340px; height: 330px;&quot;
+         &lt;span
+           style=&quot;box-sizing: border-box; display: inline-block; overflow: hidden; width: 340px; height: 330px; background: none; opacity: 1; border: 0px; margin: 0px; padding: 0px; position: relative;&quot;
          &gt;
            &lt;img
              alt=&quot;Mano derecha&quot;
              data-nimg=&quot;fixed&quot;
              decoding=&quot;async&quot;
              src=&quot;data:image/gif;base64,R0lGODlhAQABAIAAAAAAAP///yH5BAEAAAAALAAAAAABAAEAAAIBRAA7&quot;
              style=&quot;position: absolute; top: 0px; left: 0px; bottom: 0px; right: 0px; box-sizing: border-box; padding: 0px; margin: auto; display: block; width: 0px; height: 0px; min-width: 100%; max-width: 100%; min-height: 100%; max-height: 100%;&quot;
            /&gt;
            &lt;noscript /&gt;
-         &lt;/div&gt;
+         &lt;/span&gt;
        &lt;/div&gt;
      &lt;/section&gt;
      &lt;hr
        class=&quot;c12&quot;
      /&gt;
@@ -1065,32 +1065,32 @@
          &lt;a
            href=&quot;https://www1.undp.org/content/undp/es/home/sustainable-development-goals.html&quot;
            rel=&quot;noopener noreferrer&quot;
            target=&quot;_blank&quot;
          &gt;
-           &lt;div
-             style=&quot;display: inline-block; max-width: 100%; overflow: hidden; position: relative; box-sizing: border-box; margin: 0px;&quot;
+           &lt;span
+             style=&quot;box-sizing: border-box; display: inline-block; overflow: hidden; background: none; opacity: 1; border: 0px; margin: 0px; padding: 0px; position: relative; max-width: 100%;&quot;
            &gt;
-             &lt;div
-               style=&quot;box-sizing: border-box; display: block; max-width: 100%;&quot;
+             &lt;span
+               style=&quot;box-sizing: border-box; display: block; background: none; opacity: 1; border: 0px; margin: 0px; padding: 0px; max-width: 100%;&quot;
              &gt;
                &lt;img
                  alt=&quot;&quot;
                  aria-hidden=&quot;true&quot;
                  src=&quot;data:image/svg+xml;base64,PHN2ZyB3aWR0aD0iMzYwIiBoZWlnaHQ9IjQwIiB4bWxucz0iaHR0cDovL3d3dy53My5vcmcvMjAwMC9zdmciIHZlcnNpb249IjEuMSIvPg==&quot;
-                 style=&quot;max-width: 100%; display: block; margin: 0px; padding: 0px;&quot;
+                 style=&quot;display: block; max-width: 100%; background: none; opacity: 1; border: 0px; margin: 0px; padding: 0px;&quot;
                /&gt;
-             &lt;/div&gt;
+             &lt;/span&gt;
              &lt;img
                alt=&quot;ODS Logo&quot;
                data-nimg=&quot;intrinsic&quot;
                decoding=&quot;async&quot;
                src=&quot;data:image/gif;base64,R0lGODlhAQABAIAAAAAAAP///yH5BAEAAAAALAAAAAABAAEAAAIBRAA7&quot;
                style=&quot;position: absolute; top: 0px; left: 0px; bottom: 0px; right: 0px; box-sizing: border-box; padding: 0px; margin: auto; display: block; width: 0px; height: 0px; min-width: 100%; max-width: 100%; min-height: 100%; max-height: 100%;&quot;
              /&gt;
              &lt;noscript /&gt;
-           &lt;/div&gt;
+           &lt;/span&gt;
          &lt;/a&gt;
          &lt;section
            class=&quot;c21&quot;
          &gt;
            &lt;p
@@ -1112,186 +1112,186 @@
          class=&quot;c21 c23&quot;
        &gt;
          &lt;div
            class=&quot;img smallest&quot;
          &gt;
-           &lt;div
-             style=&quot;display: inline-block; max-width: 100%; overflow: hidden; position: relative; box-sizing: border-box; margin: 0px;&quot;
+           &lt;span
+             style=&quot;box-sizing: border-box; display: inline-block; overflow: hidden; background: none; opacity: 1; border: 0px; margin: 0px; padding: 0px; position: relative; max-width: 100%;&quot;
            &gt;
-             &lt;div
-               style=&quot;box-sizing: border-box; display: block; max-width: 100%;&quot;
+             &lt;span
+               style=&quot;box-sizing: border-box; display: block; background: none; opacity: 1; border: 0px; margin: 0px; padding: 0px; max-width: 100%;&quot;
              &gt;
                &lt;img
                  alt=&quot;&quot;
                  aria-hidden=&quot;true&quot;
                  src=&quot;data:image/svg+xml;base64,PHN2ZyB3aWR0aD0iMTUwIiBoZWlnaHQ9IjE1MCIgeG1sbnM9Imh0dHA6Ly93d3cudzMub3JnLzIwMDAvc3ZnIiB2ZXJzaW9uPSIxLjEiLz4=&quot;
-                 style=&quot;max-width: 100%; display: block; margin: 0px; padding: 0px;&quot;
+                 style=&quot;display: block; max-width: 100%; background: none; opacity: 1; border: 0px; margin: 0px; padding: 0px;&quot;
                /&gt;
-             &lt;/div&gt;
+             &lt;/span&gt;
              &lt;img
                alt=&quot;Carousel image (smallest on the left)&quot;
                data-nimg=&quot;intrinsic&quot;
                decoding=&quot;async&quot;
                src=&quot;data:image/gif;base64,R0lGODlhAQABAIAAAAAAAP///yH5BAEAAAAALAAAAAABAAEAAAIBRAA7&quot;
                style=&quot;position: absolute; top: 0px; left: 0px; bottom: 0px; right: 0px; box-sizing: border-box; padding: 0px; margin: auto; display: block; width: 0px; height: 0px; min-width: 100%; max-width: 100%; min-height: 100%; max-height: 100%;&quot;
              /&gt;
              &lt;noscript /&gt;
-           &lt;/div&gt;
+           &lt;/span&gt;
          &lt;/div&gt;
          &lt;div
            class=&quot;img smaller&quot;
          &gt;
-           &lt;div
-             style=&quot;display: inline-block; max-width: 100%; overflow: hidden; position: relative; box-sizing: border-box; margin: 0px;&quot;
+           &lt;span
+             style=&quot;box-sizing: border-box; display: inline-block; overflow: hidden; background: none; opacity: 1; border: 0px; margin: 0px; padding: 0px; position: relative; max-width: 100%;&quot;
            &gt;
-             &lt;div
-               style=&quot;box-sizing: border-box; display: block; max-width: 100%;&quot;
+             &lt;span
+               style=&quot;box-sizing: border-box; display: block; background: none; opacity: 1; border: 0px; margin: 0px; padding: 0px; max-width: 100%;&quot;
              &gt;
                &lt;img
                  alt=&quot;&quot;
                  aria-hidden=&quot;true&quot;
                  src=&quot;data:image/svg+xml;base64,PHN2ZyB3aWR0aD0iMTUwIiBoZWlnaHQ9IjE1MCIgeG1sbnM9Imh0dHA6Ly93d3cudzMub3JnLzIwMDAvc3ZnIiB2ZXJzaW9uPSIxLjEiLz4=&quot;
-                 style=&quot;max-width: 100%; display: block; margin: 0px; padding: 0px;&quot;
+                 style=&quot;display: block; max-width: 100%; background: none; opacity: 1; border: 0px; margin: 0px; padding: 0px;&quot;
                /&gt;
-             &lt;/div&gt;
+             &lt;/span&gt;
              &lt;img
                alt=&quot;Carousel image (smaller on the left)&quot;
                data-nimg=&quot;intrinsic&quot;
                decoding=&quot;async&quot;
                src=&quot;data:image/gif;base64,R0lGODlhAQABAIAAAAAAAP///yH5BAEAAAAALAAAAAABAAEAAAIBRAA7&quot;
                style=&quot;position: absolute; top: 0px; left: 0px; bottom: 0px; right: 0px; box-sizing: border-box; padding: 0px; margin: auto; display: block; width: 0px; height: 0px; min-width: 100%; max-width: 100%; min-height: 100%; max-height: 100%;&quot;
              /&gt;
              &lt;noscript /&gt;
-           &lt;/div&gt;
+           &lt;/span&gt;
          &lt;/div&gt;
          &lt;div
            class=&quot;img small&quot;
          &gt;
-           &lt;div
-             style=&quot;display: inline-block; max-width: 100%; overflow: hidden; position: relative; box-sizing: border-box; margin: 0px;&quot;
+           &lt;span
+             style=&quot;box-sizing: border-box; display: inline-block; overflow: hidden; background: none; opacity: 1; border: 0px; margin: 0px; padding: 0px; position: relative; max-width: 100%;&quot;
            &gt;
-             &lt;div
-               style=&quot;box-sizing: border-box; display: block; max-width: 100%;&quot;
+             &lt;span
+               style=&quot;box-sizing: border-box; display: block; background: none; opacity: 1; border: 0px; margin: 0px; padding: 0px; max-width: 100%;&quot;
              &gt;
                &lt;img
                  alt=&quot;&quot;
                  aria-hidden=&quot;true&quot;
                  src=&quot;data:image/svg+xml;base64,PHN2ZyB3aWR0aD0iMTUwIiBoZWlnaHQ9IjE1MCIgeG1sbnM9Imh0dHA6Ly93d3cudzMub3JnLzIwMDAvc3ZnIiB2ZXJzaW9uPSIxLjEiLz4=&quot;
-                 style=&quot;max-width: 100%; display: block; margin: 0px; padding: 0px;&quot;
+                 style=&quot;display: block; max-width: 100%; background: none; opacity: 1; border: 0px; margin: 0px; padding: 0px;&quot;
                /&gt;
-             &lt;/div&gt;
+             &lt;/span&gt;
              &lt;img
                alt=&quot;Carousel image (small on the left)&quot;
                data-nimg=&quot;intrinsic&quot;
                decoding=&quot;async&quot;
                src=&quot;data:image/gif;base64,R0lGODlhAQABAIAAAAAAAP///yH5BAEAAAAALAAAAAABAAEAAAIBRAA7&quot;
                style=&quot;position: absolute; top: 0px; left: 0px; bottom: 0px; right: 0px; box-sizing: border-box; padding: 0px; margin: auto; display: block; width: 0px; height: 0px; min-width: 100%; max-width: 100%; min-height: 100%; max-height: 100%;&quot;
              /&gt;
              &lt;noscript /&gt;
-           &lt;/div&gt;
+           &lt;/span&gt;
          &lt;/div&gt;
          &lt;div&gt;
-           &lt;div
-             style=&quot;display: inline-block; max-width: 100%; overflow: hidden; position: relative; box-sizing: border-box; margin: 0px;&quot;
+           &lt;span
+             style=&quot;box-sizing: border-box; display: inline-block; overflow: hidden; background: none; opacity: 1; border: 0px; margin: 0px; padding: 0px; position: relative; max-width: 100%;&quot;
            &gt;
-             &lt;div
-               style=&quot;box-sizing: border-box; display: block; max-width: 100%;&quot;
+             &lt;span
+               style=&quot;box-sizing: border-box; display: block; background: none; opacity: 1; border: 0px; margin: 0px; padding: 0px; max-width: 100%;&quot;
              &gt;
                &lt;img
                  alt=&quot;&quot;
                  aria-hidden=&quot;true&quot;
                  src=&quot;data:image/svg+xml;base64,PHN2ZyB3aWR0aD0iMTUwIiBoZWlnaHQ9IjE1MCIgeG1sbnM9Imh0dHA6Ly93d3cudzMub3JnLzIwMDAvc3ZnIiB2ZXJzaW9uPSIxLjEiLz4=&quot;
-                 style=&quot;max-width: 100%; display: block; margin: 0px; padding: 0px;&quot;
+                 style=&quot;display: block; max-width: 100%; background: none; opacity: 1; border: 0px; margin: 0px; padding: 0px;&quot;
                /&gt;
-             &lt;/div&gt;
+             &lt;/span&gt;
              &lt;img
                alt=&quot;Carousel image&quot;
                data-nimg=&quot;intrinsic&quot;
                decoding=&quot;async&quot;
                src=&quot;data:image/gif;base64,R0lGODlhAQABAIAAAAAAAP///yH5BAEAAAAALAAAAAABAAEAAAIBRAA7&quot;
                style=&quot;position: absolute; top: 0px; left: 0px; bottom: 0px; right: 0px; box-sizing: border-box; padding: 0px; margin: auto; display: block; width: 0px; height: 0px; min-width: 100%; max-width: 100%; min-height: 100%; max-height: 100%;&quot;
              /&gt;
              &lt;noscript /&gt;
-           &lt;/div&gt;
+           &lt;/span&gt;
          &lt;/div&gt;
          &lt;div
            class=&quot;img small&quot;
          &gt;
-           &lt;div
-             style=&quot;display: inline-block; max-width: 100%; overflow: hidden; position: relative; box-sizing: border-box; margin: 0px;&quot;
+           &lt;span
+             style=&quot;box-sizing: border-box; display: inline-block; overflow: hidden; background: none; opacity: 1; border: 0px; margin: 0px; padding: 0px; position: relative; max-width: 100%;&quot;
            &gt;
-             &lt;div
-               style=&quot;box-sizing: border-box; display: block; max-width: 100%;&quot;
+             &lt;span
+               style=&quot;box-sizing: border-box; display: block; background: none; opacity: 1; border: 0px; margin: 0px; padding: 0px; max-width: 100%;&quot;
              &gt;
                &lt;img
                  alt=&quot;&quot;
                  aria-hidden=&quot;true&quot;
                  src=&quot;data:image/svg+xml;base64,PHN2ZyB3aWR0aD0iMTUwIiBoZWlnaHQ9IjE1MCIgeG1sbnM9Imh0dHA6Ly93d3cudzMub3JnLzIwMDAvc3ZnIiB2ZXJzaW9uPSIxLjEiLz4=&quot;
-                 style=&quot;max-width: 100%; display: block; margin: 0px; padding: 0px;&quot;
+                 style=&quot;display: block; max-width: 100%; background: none; opacity: 1; border: 0px; margin: 0px; padding: 0px;&quot;
                /&gt;
-             &lt;/div&gt;
+             &lt;/span&gt;
              &lt;img
                alt=&quot;Carousel image (small on the right)&quot;
                data-nimg=&quot;intrinsic&quot;
                decoding=&quot;async&quot;
                src=&quot;data:image/gif;base64,R0lGODlhAQABAIAAAAAAAP///yH5BAEAAAAALAAAAAABAAEAAAIBRAA7&quot;
                style=&quot;position: absolute; top: 0px; left: 0px; bottom: 0px; right: 0px; box-sizing: border-box; padding: 0px; margin: auto; display: block; width: 0px; height: 0px; min-width: 100%; max-width: 100%; min-height: 100%; max-height: 100%;&quot;
              /&gt;
              &lt;noscript /&gt;
-           &lt;/div&gt;
+           &lt;/span&gt;
          &lt;/div&gt;
          &lt;div
            class=&quot;img smaller&quot;
          &gt;
-           &lt;div
-             style=&quot;display: inline-block; max-width: 100%; overflow: hidden; position: relative; box-sizing: border-box; margin: 0px;&quot;
+           &lt;span
+             style=&quot;box-sizing: border-box; display: inline-block; overflow: hidden; background: none; opacity: 1; border: 0px; margin: 0px; padding: 0px; position: relative; max-width: 100%;&quot;
            &gt;
-             &lt;div
-               style=&quot;box-sizing: border-box; display: block; max-width: 100%;&quot;
+             &lt;span
+               style=&quot;box-sizing: border-box; display: block; background: none; opacity: 1; border: 0px; margin: 0px; padding: 0px; max-width: 100%;&quot;
              &gt;
                &lt;img
                  alt=&quot;&quot;
                  aria-hidden=&quot;true&quot;
                  src=&quot;data:image/svg+xml;base64,PHN2ZyB3aWR0aD0iMTUwIiBoZWlnaHQ9IjE1MCIgeG1sbnM9Imh0dHA6Ly93d3cudzMub3JnLzIwMDAvc3ZnIiB2ZXJzaW9uPSIxLjEiLz4=&quot;
-                 style=&quot;max-width: 100%; display: block; margin: 0px; padding: 0px;&quot;
+                 style=&quot;display: block; max-width: 100%; background: none; opacity: 1; border: 0px; margin: 0px; padding: 0px;&quot;
                /&gt;
-             &lt;/div&gt;
+             &lt;/span&gt;
              &lt;img
                alt=&quot;Carousel image (smaller on the right)&quot;
                data-nimg=&quot;intrinsic&quot;
                decoding=&quot;async&quot;
                src=&quot;data:image/gif;base64,R0lGODlhAQABAIAAAAAAAP///yH5BAEAAAAALAAAAAABAAEAAAIBRAA7&quot;
                style=&quot;position: absolute; top: 0px; left: 0px; bottom: 0px; right: 0px; box-sizing: border-box; padding: 0px; margin: auto; display: block; width: 0px; height: 0px; min-width: 100%; max-width: 100%; min-height: 100%; max-height: 100%;&quot;
              /&gt;
              &lt;noscript /&gt;
-           &lt;/div&gt;
+           &lt;/span&gt;
          &lt;/div&gt;
          &lt;div
            class=&quot;img smallest&quot;
          &gt;
-           &lt;div
-             style=&quot;display: inline-block; max-width: 100%; overflow: hidden; position: relative; box-sizing: border-box; margin: 0px;&quot;
+           &lt;span
+             style=&quot;box-sizing: border-box; display: inline-block; overflow: hidden; background: none; opacity: 1; border: 0px; margin: 0px; padding: 0px; position: relative; max-width: 100%;&quot;
            &gt;
-             &lt;div
-               style=&quot;box-sizing: border-box; display: block; max-width: 100%;&quot;
+             &lt;span
+               style=&quot;box-sizing: border-box; display: block; background: none; opacity: 1; border: 0px; margin: 0px; padding: 0px; max-width: 100%;&quot;
              &gt;
                &lt;img
                  alt=&quot;&quot;
                  aria-hidden=&quot;true&quot;
                  src=&quot;data:image/svg+xml;base64,PHN2ZyB3aWR0aD0iMTUwIiBoZWlnaHQ9IjE1MCIgeG1sbnM9Imh0dHA6Ly93d3cudzMub3JnLzIwMDAvc3ZnIiB2ZXJzaW9uPSIxLjEiLz4=&quot;
-                 style=&quot;max-width: 100%; display: block; margin: 0px; padding: 0px;&quot;
+                 style=&quot;display: block; max-width: 100%; background: none; opacity: 1; border: 0px; margin: 0px; padding: 0px;&quot;
                /&gt;
-             &lt;/div&gt;
+             &lt;/span&gt;
              &lt;img
                alt=&quot;Carousel image (smallest on the right)&quot;
                data-nimg=&quot;intrinsic&quot;
                decoding=&quot;async&quot;
                src=&quot;data:image/gif;base64,R0lGODlhAQABAIAAAAAAAP///yH5BAEAAAAALAAAAAABAAEAAAIBRAA7&quot;
                style=&quot;position: absolute; top: 0px; left: 0px; bottom: 0px; right: 0px; box-sizing: border-box; padding: 0px; margin: auto; display: block; width: 0px; height: 0px; min-width: 100%; max-width: 100%; min-height: 100%; max-height: 100%;&quot;
              /&gt;
              &lt;noscript /&gt;
-           &lt;/div&gt;
+           &lt;/span&gt;
          &lt;/div&gt;
        &lt;/section&gt;
        &lt;a
          class=&quot;c24 c25&quot;
          color=&quot;#027aa8&quot;
@@ -1310,32 +1310,32 @@
        id=&quot;call_to_actions&quot;
      &gt;
        &lt;section
          class=&quot;c27&quot;
        &gt;
-         &lt;div
-           style=&quot;display: inline-block; max-width: 100%; overflow: hidden; position: relative; box-sizing: border-box; margin: 0px;&quot;
+         &lt;span
+           style=&quot;box-sizing: border-box; display: inline-block; overflow: hidden; background: none; opacity: 1; border: 0px; margin: 0px; padding: 0px; position: relative; max-width: 100%;&quot;
          &gt;
-           &lt;div
-             style=&quot;box-sizing: border-box; display: block; max-width: 100%;&quot;
+           &lt;span
+             style=&quot;box-sizing: border-box; display: block; background: none; opacity: 1; border: 0px; margin: 0px; padding: 0px; max-width: 100%;&quot;
            &gt;
              &lt;img
                alt=&quot;&quot;
                aria-hidden=&quot;true&quot;
                src=&quot;data:image/svg+xml;base64,PHN2ZyB3aWR0aD0iMzAwIiBoZWlnaHQ9IjI1MCIgeG1sbnM9Imh0dHA6Ly93d3cudzMub3JnLzIwMDAvc3ZnIiB2ZXJzaW9uPSIxLjEiLz4=&quot;
-               style=&quot;max-width: 100%; display: block; margin: 0px; padding: 0px;&quot;
+               style=&quot;display: block; max-width: 100%; background: none; opacity: 1; border: 0px; margin: 0px; padding: 0px;&quot;
              /&gt;
-           &lt;/div&gt;
+           &lt;/span&gt;
            &lt;img
              alt=&quot;Mujer de traje de oficina en cima de una montaña sonriendo con una capa&quot;
              data-nimg=&quot;intrinsic&quot;
              decoding=&quot;async&quot;
              src=&quot;data:image/gif;base64,R0lGODlhAQABAIAAAAAAAP///yH5BAEAAAAALAAAAAABAAEAAAIBRAA7&quot;
              style=&quot;position: absolute; top: 0px; left: 0px; bottom: 0px; right: 0px; box-sizing: border-box; padding: 0px; margin: auto; display: block; width: 0px; height: 0px; min-width: 100%; max-width: 100%; min-height: 100%; max-height: 100%;&quot;
            /&gt;
            &lt;noscript /&gt;
-         &lt;/div&gt;
+         &lt;/span&gt;
          &lt;h1
            class=&quot;c16&quot;
          &gt;
            SOS PERSONA
          &lt;/h1&gt;
@@ -1352,32 +1352,32 @@
          &lt;/p&gt;
        &lt;/section&gt;
        &lt;section
          class=&quot;c27&quot;
        &gt;
-         &lt;div
-           style=&quot;display: inline-block; max-width: 100%; overflow: hidden; position: relative; box-sizing: border-box; margin: 0px;&quot;
+         &lt;span
+           style=&quot;box-sizing: border-box; display: inline-block; overflow: hidden; background: none; opacity: 1; border: 0px; margin: 0px; padding: 0px; position: relative; max-width: 100%;&quot;
          &gt;
-           &lt;div
-             style=&quot;box-sizing: border-box; display: block; max-width: 100%;&quot;
+           &lt;span
+             style=&quot;box-sizing: border-box; display: block; background: none; opacity: 1; border: 0px; margin: 0px; padding: 0px; max-width: 100%;&quot;
            &gt;
              &lt;img
                alt=&quot;&quot;
                aria-hidden=&quot;true&quot;
                src=&quot;data:image/svg+xml;base64,PHN2ZyB3aWR0aD0iMzAwIiBoZWlnaHQ9IjI1MCIgeG1sbnM9Imh0dHA6Ly93d3cudzMub3JnLzIwMDAvc3ZnIiB2ZXJzaW9uPSIxLjEiLz4=&quot;
-               style=&quot;max-width: 100%; display: block; margin: 0px; padding: 0px;&quot;
+               style=&quot;display: block; max-width: 100%; background: none; opacity: 1; border: 0px; margin: 0px; padding: 0px;&quot;
              /&gt;
-           &lt;/div&gt;
+           &lt;/span&gt;
            &lt;img
              alt=&quot;Persona tomando un cafe&quot;
              data-nimg=&quot;intrinsic&quot;
              decoding=&quot;async&quot;
              src=&quot;data:image/gif;base64,R0lGODlhAQABAIAAAAAAAP///yH5BAEAAAAALAAAAAABAAEAAAIBRAA7&quot;
              style=&quot;position: absolute; top: 0px; left: 0px; bottom: 0px; right: 0px; box-sizing: border-box; padding: 0px; margin: auto; display: block; width: 0px; height: 0px; min-width: 100%; max-width: 100%; min-height: 100%; max-height: 100%;&quot;
            /&gt;
            &lt;noscript /&gt;
-         &lt;/div&gt;
+         &lt;/span&gt;
          &lt;h1
            class=&quot;c16&quot;
          &gt;
            SOS EMPRESA
          &lt;/h1&gt;
@@ -1388,32 +1388,32 @@
          &lt;/p&gt;
        &lt;/section&gt;
        &lt;section
          class=&quot;c27&quot;
        &gt;
-         &lt;div
-           style=&quot;display: inline-block; max-width: 100%; overflow: hidden; position: relative; box-sizing: border-box; margin: 0px;&quot;
+         &lt;span
+           style=&quot;box-sizing: border-box; display: inline-block; overflow: hidden; background: none; opacity: 1; border: 0px; margin: 0px; padding: 0px; position: relative; max-width: 100%;&quot;
          &gt;
-           &lt;div
-             style=&quot;box-sizing: border-box; display: block; max-width: 100%;&quot;
+           &lt;span
+             style=&quot;box-sizing: border-box; display: block; background: none; opacity: 1; border: 0px; margin: 0px; padding: 0px; max-width: 100%;&quot;
            &gt;
              &lt;img
                alt=&quot;&quot;
                aria-hidden=&quot;true&quot;
                src=&quot;data:image/svg+xml;base64,PHN2ZyB3aWR0aD0iMzAwIiBoZWlnaHQ9IjI1MCIgeG1sbnM9Imh0dHA6Ly93d3cudzMub3JnLzIwMDAvc3ZnIiB2ZXJzaW9uPSIxLjEiLz4=&quot;
-               style=&quot;max-width: 100%; display: block; margin: 0px; padding: 0px;&quot;
+               style=&quot;display: block; max-width: 100%; background: none; opacity: 1; border: 0px; margin: 0px; padding: 0px;&quot;
              /&gt;
-           &lt;/div&gt;
+           &lt;/span&gt;
            &lt;img
              alt=&quot;Persona dando de comer a otra persona&quot;
              data-nimg=&quot;intrinsic&quot;
              decoding=&quot;async&quot;
              src=&quot;data:image/gif;base64,R0lGODlhAQABAIAAAAAAAP///yH5BAEAAAAALAAAAAABAAEAAAIBRAA7&quot;
              style=&quot;position: absolute; top: 0px; left: 0px; bottom: 0px; right: 0px; box-sizing: border-box; padding: 0px; margin: auto; display: block; width: 0px; height: 0px; min-width: 100%; max-width: 100%; min-height: 100%; max-height: 100%;&quot;
            /&gt;
            &lt;noscript /&gt;
-         &lt;/div&gt;
+         &lt;/span&gt;
          &lt;h1
            class=&quot;c16&quot;
          &gt;
            SOS ONG
          &lt;/h1&gt;
@@ -1432,32 +1432,32 @@
        id=&quot;rse&quot;
      &gt;
        &lt;div
          class=&quot;c30&quot;
        &gt;
-         &lt;div
-           style=&quot;display: inline-block; max-width: 100%; overflow: hidden; position: relative; box-sizing: border-box; margin: 0px;&quot;
+         &lt;span
+           style=&quot;box-sizing: border-box; display: inline-block; overflow: hidden; background: none; opacity: 1; border: 0px; margin: 0px; padding: 0px; position: relative; max-width: 100%;&quot;
          &gt;
-           &lt;div
-             style=&quot;box-sizing: border-box; display: block; max-width: 100%;&quot;
+           &lt;span
+             style=&quot;box-sizing: border-box; display: block; background: none; opacity: 1; border: 0px; margin: 0px; padding: 0px; max-width: 100%;&quot;
            &gt;
              &lt;img
                alt=&quot;&quot;
                aria-hidden=&quot;true&quot;
                src=&quot;data:image/svg+xml;base64,PHN2ZyB3aWR0aD0iMzAwIiBoZWlnaHQ9IjMwMCIgeG1sbnM9Imh0dHA6Ly93d3cudzMub3JnLzIwMDAvc3ZnIiB2ZXJzaW9uPSIxLjEiLz4=&quot;
-               style=&quot;max-width: 100%; display: block; margin: 0px; padding: 0px;&quot;
+               style=&quot;display: block; max-width: 100%; background: none; opacity: 1; border: 0px; margin: 0px; padding: 0px;&quot;
              /&gt;
-           &lt;/div&gt;
+           &lt;/span&gt;
            &lt;img
              alt=&quot;Personas trabajando en una oficina&quot;
              data-nimg=&quot;intrinsic&quot;
              decoding=&quot;async&quot;
              src=&quot;data:image/gif;base64,R0lGODlhAQABAIAAAAAAAP///yH5BAEAAAAALAAAAAABAAEAAAIBRAA7&quot;
              style=&quot;position: absolute; top: 0px; left: 0px; bottom: 0px; right: 0px; box-sizing: border-box; padding: 0px; margin: auto; display: block; width: 0px; height: 0px; min-width: 100%; max-width: 100%; min-height: 100%; max-height: 100%;&quot;
            /&gt;
            &lt;noscript /&gt;
-         &lt;/div&gt;
+         &lt;/span&gt;
        &lt;/div&gt;
        &lt;div
          class=&quot;text&quot;
        &gt;
          &lt;h1
@@ -1496,228 +1496,228 @@
          &lt;a
            href=&quot;https://trilogylab.com/&quot;
            rel=&quot;noreferrer noopener&quot;
            target=&quot;_blank&quot;
          &gt;
-           &lt;div
-             style=&quot;display: inline-block; max-width: 100%; overflow: hidden; position: relative; box-sizing: border-box; margin: 0px;&quot;
+           &lt;span
+             style=&quot;box-sizing: border-box; display: inline-block; overflow: hidden; background: none; opacity: 1; border: 0px; margin: 0px; padding: 0px; position: relative; max-width: 100%;&quot;
            &gt;
-             &lt;div
-               style=&quot;box-sizing: border-box; display: block; max-width: 100%;&quot;
+             &lt;span
+               style=&quot;box-sizing: border-box; display: block; background: none; opacity: 1; border: 0px; margin: 0px; padding: 0px; max-width: 100%;&quot;
              &gt;
                &lt;img
                  alt=&quot;&quot;
                  aria-hidden=&quot;true&quot;
                  src=&quot;data:image/svg+xml;base64,PHN2ZyB3aWR0aD0iMTIyIiBoZWlnaHQ9IjEyMiIgeG1sbnM9Imh0dHA6Ly93d3cudzMub3JnLzIwMDAvc3ZnIiB2ZXJzaW9uPSIxLjEiLz4=&quot;
-                 style=&quot;max-width: 100%; display: block; margin: 0px; padding: 0px;&quot;
+                 style=&quot;display: block; max-width: 100%; background: none; opacity: 1; border: 0px; margin: 0px; padding: 0px;&quot;
                /&gt;
-             &lt;/div&gt;
+             &lt;/span&gt;
              &lt;img
                alt=&quot;Trilogy Lab logo&quot;
                data-nimg=&quot;intrinsic&quot;
                decoding=&quot;async&quot;
                src=&quot;data:image/gif;base64,R0lGODlhAQABAIAAAAAAAP///yH5BAEAAAAALAAAAAABAAEAAAIBRAA7&quot;
                style=&quot;position: absolute; top: 0px; left: 0px; bottom: 0px; right: 0px; box-sizing: border-box; padding: 0px; margin: auto; display: block; width: 0px; height: 0px; min-width: 100%; max-width: 100%; min-height: 100%; max-height: 100%;&quot;
              /&gt;
              &lt;noscript /&gt;
-           &lt;/div&gt;
+           &lt;/span&gt;
          &lt;/a&gt;
          &lt;a
            href=&quot;https://fi.co/&quot;
            rel=&quot;noreferrer noopener&quot;
            target=&quot;_blank&quot;
          &gt;
-           &lt;div
-             style=&quot;display: inline-block; max-width: 100%; overflow: hidden; position: relative; box-sizing: border-box; margin: 0px;&quot;
+           &lt;span
+             style=&quot;box-sizing: border-box; display: inline-block; overflow: hidden; background: none; opacity: 1; border: 0px; margin: 0px; padding: 0px; position: relative; max-width: 100%;&quot;
            &gt;
-             &lt;div
-               style=&quot;box-sizing: border-box; display: block; max-width: 100%;&quot;
+             &lt;span
+               style=&quot;box-sizing: border-box; display: block; background: none; opacity: 1; border: 0px; margin: 0px; padding: 0px; max-width: 100%;&quot;
              &gt;
                &lt;img
                  alt=&quot;&quot;
                  aria-hidden=&quot;true&quot;
                  src=&quot;data:image/svg+xml;base64,PHN2ZyB3aWR0aD0iMjY5IiBoZWlnaHQ9IjEwMiIgeG1sbnM9Imh0dHA6Ly93d3cudzMub3JnLzIwMDAvc3ZnIiB2ZXJzaW9uPSIxLjEiLz4=&quot;
-                 style=&quot;max-width: 100%; display: block; margin: 0px; padding: 0px;&quot;
+                 style=&quot;display: block; max-width: 100%; background: none; opacity: 1; border: 0px; margin: 0px; padding: 0px;&quot;
                /&gt;
-             &lt;/div&gt;
+             &lt;/span&gt;
              &lt;img
                alt=&quot;Founder Institute logo&quot;
                data-nimg=&quot;intrinsic&quot;
                decoding=&quot;async&quot;
                src=&quot;data:image/gif;base64,R0lGODlhAQABAIAAAAAAAP///yH5BAEAAAAALAAAAAABAAEAAAIBRAA7&quot;
                style=&quot;position: absolute; top: 0px; left: 0px; bottom: 0px; right: 0px; box-sizing: border-box; padding: 0px; margin: auto; display: block; width: 0px; height: 0px; min-width: 100%; max-width: 100%; min-height: 100%; max-height: 100%;&quot;
              /&gt;
              &lt;noscript /&gt;
-           &lt;/div&gt;
+           &lt;/span&gt;
          &lt;/a&gt;
          &lt;a
            href=&quot;https://www.blahbox.net/&quot;
            rel=&quot;noreferrer noopener&quot;
            target=&quot;_blank&quot;
          &gt;
-           &lt;div
-             style=&quot;display: inline-block; max-width: 100%; overflow: hidden; position: relative; box-sizing: border-box; margin: 0px;&quot;
+           &lt;span
+             style=&quot;box-sizing: border-box; display: inline-block; overflow: hidden; background: none; opacity: 1; border: 0px; margin: 0px; padding: 0px; position: relative; max-width: 100%;&quot;
            &gt;
-             &lt;div
-               style=&quot;box-sizing: border-box; display: block; max-width: 100%;&quot;
+             &lt;span
+               style=&quot;box-sizing: border-box; display: block; background: none; opacity: 1; border: 0px; margin: 0px; padding: 0px; max-width: 100%;&quot;
              &gt;
                &lt;img
                  alt=&quot;&quot;
                  aria-hidden=&quot;true&quot;
                  src=&quot;data:image/svg+xml;base64,PHN2ZyB3aWR0aD0iMTIyIiBoZWlnaHQ9IjEyMiIgeG1sbnM9Imh0dHA6Ly93d3cudzMub3JnLzIwMDAvc3ZnIiB2ZXJzaW9uPSIxLjEiLz4=&quot;
-                 style=&quot;max-width: 100%; display: block; margin: 0px; padding: 0px;&quot;
+                 style=&quot;display: block; max-width: 100%; background: none; opacity: 1; border: 0px; margin: 0px; padding: 0px;&quot;
                /&gt;
-             &lt;/div&gt;
+             &lt;/span&gt;
              &lt;img
                alt=&quot;Blahbox logo&quot;
                data-nimg=&quot;intrinsic&quot;
                decoding=&quot;async&quot;
                src=&quot;data:image/gif;base64,R0lGODlhAQABAIAAAAAAAP///yH5BAEAAAAALAAAAAABAAEAAAIBRAA7&quot;
                style=&quot;position: absolute; top: 0px; left: 0px; bottom: 0px; right: 0px; box-sizing: border-box; padding: 0px; margin: auto; display: block; width: 0px; height: 0px; min-width: 100%; max-width: 100%; min-height: 100%; max-height: 100%;&quot;
              /&gt;
              &lt;noscript /&gt;
-           &lt;/div&gt;
+           &lt;/span&gt;
          &lt;/a&gt;
          &lt;a
            href=&quot;https://gorather.com/&quot;
            rel=&quot;noreferrer noopener&quot;
            target=&quot;_blank&quot;
          &gt;
-           &lt;div
-             style=&quot;display: inline-block; max-width: 100%; overflow: hidden; position: relative; box-sizing: border-box; margin: 0px;&quot;
+           &lt;span
+             style=&quot;box-sizing: border-box; display: inline-block; overflow: hidden; background: none; opacity: 1; border: 0px; margin: 0px; padding: 0px; position: relative; max-width: 100%;&quot;
            &gt;
-             &lt;div
-               style=&quot;box-sizing: border-box; display: block; max-width: 100%;&quot;
+             &lt;span
+               style=&quot;box-sizing: border-box; display: block; background: none; opacity: 1; border: 0px; margin: 0px; padding: 0px; max-width: 100%;&quot;
              &gt;
                &lt;img
                  alt=&quot;&quot;
                  aria-hidden=&quot;true&quot;
                  src=&quot;data:image/svg+xml;base64,PHN2ZyB3aWR0aD0iMjcwIiBoZWlnaHQ9IjEwMiIgeG1sbnM9Imh0dHA6Ly93d3cudzMub3JnLzIwMDAvc3ZnIiB2ZXJzaW9uPSIxLjEiLz4=&quot;
-                 style=&quot;max-width: 100%; display: block; margin: 0px; padding: 0px;&quot;
+                 style=&quot;display: block; max-width: 100%; background: none; opacity: 1; border: 0px; margin: 0px; padding: 0px;&quot;
                /&gt;
-             &lt;/div&gt;
+             &lt;/span&gt;
              &lt;img
                alt=&quot;Rather logo&quot;
                data-nimg=&quot;intrinsic&quot;
                decoding=&quot;async&quot;
                src=&quot;data:image/gif;base64,R0lGODlhAQABAIAAAAAAAP///yH5BAEAAAAALAAAAAABAAEAAAIBRAA7&quot;
                style=&quot;position: absolute; top: 0px; left: 0px; bottom: 0px; right: 0px; box-sizing: border-box; padding: 0px; margin: auto; display: block; width: 0px; height: 0px; min-width: 100%; max-width: 100%; min-height: 100%; max-height: 100%;&quot;
              /&gt;
              &lt;noscript /&gt;
-           &lt;/div&gt;
+           &lt;/span&gt;
          &lt;/a&gt;
          &lt;a
            href=&quot;http://www.delanada.org/&quot;
            rel=&quot;noreferrer noopener&quot;
            target=&quot;_blank&quot;
          &gt;
-           &lt;div
-             style=&quot;display: inline-block; max-width: 100%; overflow: hidden; position: relative; box-sizing: border-box; margin: 0px;&quot;
+           &lt;span
+             style=&quot;box-sizing: border-box; display: inline-block; overflow: hidden; background: none; opacity: 1; border: 0px; margin: 0px; padding: 0px; position: relative; max-width: 100%;&quot;
            &gt;
-             &lt;div
-               style=&quot;box-sizing: border-box; display: block; max-width: 100%;&quot;
+             &lt;span
+               style=&quot;box-sizing: border-box; display: block; background: none; opacity: 1; border: 0px; margin: 0px; padding: 0px; max-width: 100%;&quot;
              &gt;
                &lt;img
                  alt=&quot;&quot;
                  aria-hidden=&quot;true&quot;
                  src=&quot;data:image/svg+xml;base64,PHN2ZyB3aWR0aD0iMTIyIiBoZWlnaHQ9IjEyMiIgeG1sbnM9Imh0dHA6Ly93d3cudzMub3JnLzIwMDAvc3ZnIiB2ZXJzaW9uPSIxLjEiLz4=&quot;
-                 style=&quot;max-width: 100%; display: block; margin: 0px; padding: 0px;&quot;
+                 style=&quot;display: block; max-width: 100%; background: none; opacity: 1; border: 0px; margin: 0px; padding: 0px;&quot;
                /&gt;
-             &lt;/div&gt;
+             &lt;/span&gt;
              &lt;img
                alt=&quot;De La Nada Asociación Civil logo&quot;
                data-nimg=&quot;intrinsic&quot;
                decoding=&quot;async&quot;
                src=&quot;data:image/gif;base64,R0lGODlhAQABAIAAAAAAAP///yH5BAEAAAAALAAAAAABAAEAAAIBRAA7&quot;
                style=&quot;position: absolute; top: 0px; left: 0px; bottom: 0px; right: 0px; box-sizing: border-box; padding: 0px; margin: auto; display: block; width: 0px; height: 0px; min-width: 100%; max-width: 100%; min-height: 100%; max-height: 100%;&quot;
              /&gt;
              &lt;noscript /&gt;
-           &lt;/div&gt;
+           &lt;/span&gt;
          &lt;/a&gt;
          &lt;a
            href=&quot;https://merenderootromundo.wixsite.com/otromundodelviso&quot;
            rel=&quot;noreferrer noopener&quot;
            target=&quot;_blank&quot;
          &gt;
-           &lt;div
-             style=&quot;display: inline-block; max-width: 100%; overflow: hidden; position: relative; box-sizing: border-box; margin: 0px;&quot;
+           &lt;span
+             style=&quot;box-sizing: border-box; display: inline-block; overflow: hidden; background: none; opacity: 1; border: 0px; margin: 0px; padding: 0px; position: relative; max-width: 100%;&quot;
            &gt;
-             &lt;div
-               style=&quot;box-sizing: border-box; display: block; max-width: 100%;&quot;
+             &lt;span
+               style=&quot;box-sizing: border-box; display: block; background: none; opacity: 1; border: 0px; margin: 0px; padding: 0px; max-width: 100%;&quot;
              &gt;
                &lt;img
                  alt=&quot;&quot;
                  aria-hidden=&quot;true&quot;
                  src=&quot;data:image/svg+xml;base64,PHN2ZyB3aWR0aD0iMTIyIiBoZWlnaHQ9IjEyMiIgeG1sbnM9Imh0dHA6Ly93d3cudzMub3JnLzIwMDAvc3ZnIiB2ZXJzaW9uPSIxLjEiLz4=&quot;
-                 style=&quot;max-width: 100%; display: block; margin: 0px; padding: 0px;&quot;
+                 style=&quot;display: block; max-width: 100%; background: none; opacity: 1; border: 0px; margin: 0px; padding: 0px;&quot;
                /&gt;
-             &lt;/div&gt;
+             &lt;/span&gt;
              &lt;img
                alt=&quot;Otro Mundo Centro Comunitario logo&quot;
                data-nimg=&quot;intrinsic&quot;
                decoding=&quot;async&quot;
                src=&quot;data:image/gif;base64,R0lGODlhAQABAIAAAAAAAP///yH5BAEAAAAALAAAAAABAAEAAAIBRAA7&quot;
                style=&quot;position: absolute; top: 0px; left: 0px; bottom: 0px; right: 0px; box-sizing: border-box; padding: 0px; margin: auto; display: block; width: 0px; height: 0px; min-width: 100%; max-width: 100%; min-height: 100%; max-height: 100%;&quot;
              /&gt;
              &lt;noscript /&gt;
-           &lt;/div&gt;
+           &lt;/span&gt;
          &lt;/a&gt;
          &lt;a
            href=&quot;https://hospicemadreteresa.org.ar&quot;
            rel=&quot;noreferrer noopener&quot;
            target=&quot;_blank&quot;
          &gt;
-           &lt;div
-             style=&quot;display: inline-block; max-width: 100%; overflow: hidden; position: relative; box-sizing: border-box; margin: 0px;&quot;
+           &lt;span
+             style=&quot;box-sizing: border-box; display: inline-block; overflow: hidden; background: none; opacity: 1; border: 0px; margin: 0px; padding: 0px; position: relative; max-width: 100%;&quot;
            &gt;
-             &lt;div
-               style=&quot;box-sizing: border-box; display: block; max-width: 100%;&quot;
+             &lt;span
+               style=&quot;box-sizing: border-box; display: block; background: none; opacity: 1; border: 0px; margin: 0px; padding: 0px; max-width: 100%;&quot;
              &gt;
                &lt;img
                  alt=&quot;&quot;
                  aria-hidden=&quot;true&quot;
                  src=&quot;data:image/svg+xml;base64,PHN2ZyB3aWR0aD0iMTQyIiBoZWlnaHQ9IjEwMyIgeG1sbnM9Imh0dHA6Ly93d3cudzMub3JnLzIwMDAvc3ZnIiB2ZXJzaW9uPSIxLjEiLz4=&quot;
-                 style=&quot;max-width: 100%; display: block; margin: 0px; padding: 0px;&quot;
+                 style=&quot;display: block; max-width: 100%; background: none; opacity: 1; border: 0px; margin: 0px; padding: 0px;&quot;
                /&gt;
-             &lt;/div&gt;
+             &lt;/span&gt;
              &lt;img
                alt=&quot;Hospice Madre Teresa logo&quot;
                data-nimg=&quot;intrinsic&quot;
                decoding=&quot;async&quot;
                src=&quot;data:image/gif;base64,R0lGODlhAQABAIAAAAAAAP///yH5BAEAAAAALAAAAAABAAEAAAIBRAA7&quot;
                style=&quot;position: absolute; top: 0px; left: 0px; bottom: 0px; right: 0px; box-sizing: border-box; padding: 0px; margin: auto; display: block; width: 0px; height: 0px; min-width: 100%; max-width: 100%; min-height: 100%; max-height: 100%;&quot;
              /&gt;
              &lt;noscript /&gt;
-           &lt;/div&gt;
+           &lt;/span&gt;
          &lt;/a&gt;
          &lt;a
            href=&quot;http://adelante.org.ar/&quot;
            rel=&quot;noreferrer noopener&quot;
            target=&quot;_blank&quot;
          &gt;
-           &lt;div
-             style=&quot;display: inline-block; max-width: 100%; overflow: hidden; position: relative; box-sizing: border-box; margin: 0px;&quot;
+           &lt;span
+             style=&quot;box-sizing: border-box; display: inline-block; overflow: hidden; background: none; opacity: 1; border: 0px; margin: 0px; padding: 0px; position: relative; max-width: 100%;&quot;
            &gt;
-             &lt;div
-               style=&quot;box-sizing: border-box; display: block; max-width: 100%;&quot;
+             &lt;span
+               style=&quot;box-sizing: border-box; display: block; background: none; opacity: 1; border: 0px; margin: 0px; padding: 0px; max-width: 100%;&quot;
              &gt;
                &lt;img
                  alt=&quot;&quot;
                  aria-hidden=&quot;true&quot;
                  src=&quot;data:image/svg+xml;base64,PHN2ZyB3aWR0aD0iMTIyIiBoZWlnaHQ9IjEyMiIgeG1sbnM9Imh0dHA6Ly93d3cudzMub3JnLzIwMDAvc3ZnIiB2ZXJzaW9uPSIxLjEiLz4=&quot;
-                 style=&quot;max-width: 100%; display: block; margin: 0px; padding: 0px;&quot;
+                 style=&quot;display: block; max-width: 100%; background: none; opacity: 1; border: 0px; margin: 0px; padding: 0px;&quot;
                /&gt;
-             &lt;/div&gt;
+             &lt;/span&gt;
              &lt;img
                alt=&quot;Asociación Civil Adelante&quot;
                data-nimg=&quot;intrinsic&quot;
                decoding=&quot;async&quot;
                src=&quot;data:image/gif;base64,R0lGODlhAQABAIAAAAAAAP///yH5BAEAAAAALAAAAAABAAEAAAIBRAA7&quot;
                style=&quot;position: absolute; top: 0px; left: 0px; bottom: 0px; right: 0px; box-sizing: border-box; padding: 0px; margin: auto; display: block; width: 0px; height: 0px; min-width: 100%; max-width: 100%; min-height: 100%; max-height: 100%;&quot;
              /&gt;
              &lt;noscript /&gt;
-           &lt;/div&gt;
+           &lt;/span&gt;
          &lt;/a&gt;
        &lt;/section&gt;
      &lt;/section&gt;
      &lt;hr
        class=&quot;c12&quot;
@@ -1729,32 +1729,32 @@
          class=&quot;c36&quot;
        &gt;
          &lt;div
            class=&quot;first-element&quot;
          &gt;
-           &lt;div
-             style=&quot;display: inline-block; max-width: 100%; overflow: hidden; position: relative; box-sizing: border-box; margin: 0px;&quot;
+           &lt;span
+             style=&quot;box-sizing: border-box; display: inline-block; overflow: hidden; background: none; opacity: 1; border: 0px; margin: 0px; padding: 0px; position: relative; max-width: 100%;&quot;
            &gt;
-             &lt;div
-               style=&quot;box-sizing: border-box; display: block; max-width: 100%;&quot;
+             &lt;span
+               style=&quot;box-sizing: border-box; display: block; background: none; opacity: 1; border: 0px; margin: 0px; padding: 0px; max-width: 100%;&quot;
              &gt;
                &lt;img
                  alt=&quot;&quot;
                  aria-hidden=&quot;true&quot;
                  src=&quot;data:image/svg+xml;base64,PHN2ZyB3aWR0aD0iNTAwIiBoZWlnaHQ9IjQwMCIgeG1sbnM9Imh0dHA6Ly93d3cudzMub3JnLzIwMDAvc3ZnIiB2ZXJzaW9uPSIxLjEiLz4=&quot;
-                 style=&quot;max-width: 100%; display: block; margin: 0px; padding: 0px;&quot;
+                 style=&quot;display: block; max-width: 100%; background: none; opacity: 1; border: 0px; margin: 0px; padding: 0px;&quot;
                /&gt;
-             &lt;/div&gt;
+             &lt;/span&gt;
              &lt;img
                alt=&quot;Personas en contacto&quot;
                data-nimg=&quot;intrinsic&quot;
                decoding=&quot;async&quot;
                src=&quot;data:image/gif;base64,R0lGODlhAQABAIAAAAAAAP///yH5BAEAAAAALAAAAAABAAEAAAIBRAA7&quot;
                style=&quot;position: absolute; top: 0px; left: 0px; bottom: 0px; right: 0px; box-sizing: border-box; padding: 0px; margin: auto; display: block; width: 0px; height: 0px; min-width: 100%; max-width: 100%; min-height: 100%; max-height: 100%;&quot;
              /&gt;
              &lt;noscript /&gt;
-           &lt;/div&gt;
+           &lt;/span&gt;
          &lt;/div&gt;
          &lt;div
            class=&quot;second-element&quot;
          &gt;
            &lt;h1
@@ -1803,32 +1803,32 @@
          &lt;div&gt;
            &lt;a
              aria-label=&quot;Volver al inicio&quot;
              href=&quot;#&quot;
            &gt;
-             &lt;div
-               style=&quot;display: inline-block; max-width: 100%; overflow: hidden; position: relative; box-sizing: border-box; margin: 0px;&quot;
+             &lt;span
+               style=&quot;box-sizing: border-box; display: inline-block; overflow: hidden; background: none; opacity: 1; border: 0px; margin: 0px; padding: 0px; position: relative; max-width: 100%;&quot;
              &gt;
-               &lt;div
-                 style=&quot;box-sizing: border-box; display: block; max-width: 100%;&quot;
+               &lt;span
+                 style=&quot;box-sizing: border-box; display: block; background: none; opacity: 1; border: 0px; margin: 0px; padding: 0px; max-width: 100%;&quot;
                &gt;
                  &lt;img
                    alt=&quot;&quot;
                    aria-hidden=&quot;true&quot;
                    src=&quot;data:image/svg+xml;base64,PHN2ZyB3aWR0aD0iMzAwIiBoZWlnaHQ9IjU1IiB4bWxucz0iaHR0cDovL3d3dy53My5vcmcvMjAwMC9zdmciIHZlcnNpb249IjEuMSIvPg==&quot;
-                   style=&quot;max-width: 100%; display: block; margin: 0px; padding: 0px;&quot;
+                   style=&quot;display: block; max-width: 100%; background: none; opacity: 1; border: 0px; margin: 0px; padding: 0px;&quot;
                  /&gt;
-               &lt;/div&gt;
+               &lt;/span&gt;
                &lt;img
                  alt=&quot;Logo FavForMe&quot;
                  data-nimg=&quot;intrinsic&quot;
                  decoding=&quot;async&quot;
                  src=&quot;data:image/gif;base64,R0lGODlhAQABAIAAAAAAAP///yH5BAEAAAAALAAAAAABAAEAAAIBRAA7&quot;
                  style=&quot;position: absolute; top: 0px; left: 0px; bottom: 0px; right: 0px; box-sizing: border-box; padding: 0px; margin: auto; display: block; width: 0px; height: 0px; min-width: 100%; max-width: 100%; min-height: 100%; max-height: 100%;&quot;
                /&gt;
                &lt;noscript /&gt;
-             &lt;/div&gt;
+             &lt;/span&gt;
            &lt;/a&gt;
          &lt;/div&gt;
          &lt;ul
            class=&quot;c42&quot;
          &gt;
    at /home/fmgordillo/code/favforme/frontend/containers/IndexPage/index.test.tsx:7:26
    at step (/home/fmgordillo/code/favforme/frontend/containers/IndexPage/index.test.tsx:33:23)
    at Object.next (/home/fmgordillo/code/favforme/frontend/containers/IndexPage/index.test.tsx:14:53)
    at /home/fmgordillo/code/favforme/frontend/containers/IndexPage/index.test.tsx:8:71
    at new Promise (&lt;anonymous&gt;)
    at Object.&lt;anonymous&gt;.__awaiter (/home/fmgordillo/code/favforme/frontend/containers/IndexPage/index.test.tsx:4:12)
    at Object.&lt;anonymous&gt; (/home/fmgordillo/code/favforme/frontend/containers/IndexPage/index.test.tsx:5:27)
    at Promise.then.completed (/home/fmgordillo/code/favforme/frontend/node_modules/jest-circus/build/utils.js:390:28)
    at new Promise (&lt;anonymous&gt;)
    at callAsyncCircusFn (/home/fmgordillo/code/favforme/frontend/node_modules/jest-circus/build/utils.js:315:10)
    at _callCircusTest (/home/fmgordillo/code/favforme/frontend/node_modules/jest-circus/build/run.js:218:40)
    at processTicksAndRejections (internal/process/task_queues.js:93:5)
    at _runTest (/home/fmgordillo/code/favforme/frontend/node_modules/jest-circus/build/run.js:155:3)
    at _runTestsForDescribeBlock (/home/fmgordillo/code/favforme/frontend/node_modules/jest-circus/build/run.js:66:9)
    at _runTestsForDescribeBlock (/home/fmgordillo/code/favforme/frontend/node_modules/jest-circus/build/run.js:60:9)
    at run (/home/fmgordillo/code/favforme/frontend/node_modules/jest-circus/build/run.js:25:3)
    at runAndTransformResultsToJestFormat (/home/fmgordillo/code/favforme/frontend/node_modules/jest-circus/build/legacy-code-todo-rewrite/jestAdapterInit.js:167:21)
    at jestAdapter (/home/fmgordillo/code/favforme/frontend/node_modules/jest-circus/build/legacy-code-todo-rewrite/jestAdapter.js:82:19)
    at runTestInternal (/home/fmgordillo/code/favforme/frontend/node_modules/jest-runner/build/runTest.js:389:16)
    at runTest (/home/fmgordillo/code/favforme/frontend/node_modules/jest-runner/build/runTest.js:475:34)
    at Object.worker (/home/fmgordillo/code/favforme/frontend/node_modules/jest-runner/build/testWorker.js:133:12)</failure>
    </testcase>
  </testsuite>
</testsuites>